Archive member included to satisfy reference by file (symbol)

d:/program files (x86)/truestudio for arm 8.0.0/armtools/bin/../lib/gcc/arm-atollic-eabi/6.3.1/../../../../arm-atollic-eabi/lib/armv7-m\libc_nano.a(lib_a-init.o)
                              BSP\TrueSTUDIO\cstartup.o (__libc_init_array)
d:/program files (x86)/truestudio for arm 8.0.0/armtools/bin/../lib/gcc/arm-atollic-eabi/6.3.1/../../../../arm-atollic-eabi/lib/armv7-m\libc_nano.a(lib_a-memset.o)
                              LTEModule\BaseDriver\ME_State_Control.o (memset)
d:/program files (x86)/truestudio for arm 8.0.0/armtools/bin/../lib/gcc/arm-atollic-eabi/6.3.1/../../../../arm-atollic-eabi/lib/armv7-m\libc_nano.a(lib_a-sscanf.o)
                              LTEModule\BaseDriver\AT_Command_Parser.o (sscanf)
d:/program files (x86)/truestudio for arm 8.0.0/armtools/bin/../lib/gcc/arm-atollic-eabi/6.3.1/../../../../arm-atollic-eabi/lib/armv7-m\libc_nano.a(lib_a-stdio.o)
                              d:/program files (x86)/truestudio for arm 8.0.0/armtools/bin/../lib/gcc/arm-atollic-eabi/6.3.1/../../../../arm-atollic-eabi/lib/armv7-m\libc_nano.a(lib_a-sscanf.o) (__seofread)
d:/program files (x86)/truestudio for arm 8.0.0/armtools/bin/../lib/gcc/arm-atollic-eabi/6.3.1/../../../../arm-atollic-eabi/lib/armv7-m\libc_nano.a(lib_a-strlen.o)
                              LTEModule\BaseDriver\ME_State_Control.o (strlen)
d:/program files (x86)/truestudio for arm 8.0.0/armtools/bin/../lib/gcc/arm-atollic-eabi/6.3.1/../../../../arm-atollic-eabi/lib/armv7-m\libc_nano.a(lib_a-strncmp.o)
                              LTEModule\BaseDriver\AT_Command_Parser.o (strncmp)
d:/program files (x86)/truestudio for arm 8.0.0/armtools/bin/../lib/gcc/arm-atollic-eabi/6.3.1/../../../../arm-atollic-eabi/lib/armv7-m\libc_nano.a(lib_a-writer.o)
                              d:/program files (x86)/truestudio for arm 8.0.0/armtools/bin/../lib/gcc/arm-atollic-eabi/6.3.1/../../../../arm-atollic-eabi/lib/armv7-m\libc_nano.a(lib_a-stdio.o) (_write_r)
d:/program files (x86)/truestudio for arm 8.0.0/armtools/bin/../lib/gcc/arm-atollic-eabi/6.3.1/../../../../arm-atollic-eabi/lib/armv7-m\libc_nano.a(lib_a-closer.o)
                              d:/program files (x86)/truestudio for arm 8.0.0/armtools/bin/../lib/gcc/arm-atollic-eabi/6.3.1/../../../../arm-atollic-eabi/lib/armv7-m\libc_nano.a(lib_a-stdio.o) (_close_r)
d:/program files (x86)/truestudio for arm 8.0.0/armtools/bin/../lib/gcc/arm-atollic-eabi/6.3.1/../../../../arm-atollic-eabi/lib/armv7-m\libc_nano.a(lib_a-impure.o)
                              d:/program files (x86)/truestudio for arm 8.0.0/armtools/bin/../lib/gcc/arm-atollic-eabi/6.3.1/../../../../arm-atollic-eabi/lib/armv7-m\libc_nano.a(lib_a-sscanf.o) (_impure_ptr)
d:/program files (x86)/truestudio for arm 8.0.0/armtools/bin/../lib/gcc/arm-atollic-eabi/6.3.1/../../../../arm-atollic-eabi/lib/armv7-m\libc_nano.a(lib_a-lseekr.o)
                              d:/program files (x86)/truestudio for arm 8.0.0/armtools/bin/../lib/gcc/arm-atollic-eabi/6.3.1/../../../../arm-atollic-eabi/lib/armv7-m\libc_nano.a(lib_a-stdio.o) (_lseek_r)
d:/program files (x86)/truestudio for arm 8.0.0/armtools/bin/../lib/gcc/arm-atollic-eabi/6.3.1/../../../../arm-atollic-eabi/lib/armv7-m\libc_nano.a(lib_a-nano-svfscanf.o)
                              d:/program files (x86)/truestudio for arm 8.0.0/armtools/bin/../lib/gcc/arm-atollic-eabi/6.3.1/../../../../arm-atollic-eabi/lib/armv7-m\libc_nano.a(lib_a-sscanf.o) (__ssvfscanf_r)
d:/program files (x86)/truestudio for arm 8.0.0/armtools/bin/../lib/gcc/arm-atollic-eabi/6.3.1/../../../../arm-atollic-eabi/lib/armv7-m\libc_nano.a(lib_a-nano-vfscanf_i.o)
                              d:/program files (x86)/truestudio for arm 8.0.0/armtools/bin/../lib/gcc/arm-atollic-eabi/6.3.1/../../../../arm-atollic-eabi/lib/armv7-m\libc_nano.a(lib_a-nano-svfscanf.o) (_scanf_chars)
d:/program files (x86)/truestudio for arm 8.0.0/armtools/bin/../lib/gcc/arm-atollic-eabi/6.3.1/../../../../arm-atollic-eabi/lib/armv7-m\libc_nano.a(lib_a-readr.o)
                              d:/program files (x86)/truestudio for arm 8.0.0/armtools/bin/../lib/gcc/arm-atollic-eabi/6.3.1/../../../../arm-atollic-eabi/lib/armv7-m\libc_nano.a(lib_a-stdio.o) (_read_r)
d:/program files (x86)/truestudio for arm 8.0.0/armtools/bin/../lib/gcc/arm-atollic-eabi/6.3.1/../../../../arm-atollic-eabi/lib/armv7-m\libc_nano.a(lib_a-reent.o)
                              d:/program files (x86)/truestudio for arm 8.0.0/armtools/bin/../lib/gcc/arm-atollic-eabi/6.3.1/../../../../arm-atollic-eabi/lib/armv7-m\libc_nano.a(lib_a-writer.o) (errno)
d:/program files (x86)/truestudio for arm 8.0.0/armtools/bin/../lib/gcc/arm-atollic-eabi/6.3.1/../../../../arm-atollic-eabi/lib/armv7-m\libc_nano.a(lib_a-sccl.o)
                              d:/program files (x86)/truestudio for arm 8.0.0/armtools/bin/../lib/gcc/arm-atollic-eabi/6.3.1/../../../../arm-atollic-eabi/lib/armv7-m\libc_nano.a(lib_a-nano-svfscanf.o) (__sccl)
[...]
Memory Configuration

Name             Origin             Length             Attributes
FLASH            0x08000000         0x00080000         xr
RAM              0x20000000         0x00010000         xrw
MEMORY_B1        0x60000000         0x00000000         xr
*default*        0x00000000         0xffffffff

Linker script and memory map

LOAD d:/program files (x86)/truestudio for arm 8.0.0/armtools/bin/../lib/gcc/arm-atollic-eabi/6.3.1/armv7-m/crti.o
LOAD d:/program files (x86)/truestudio for arm 8.0.0/armtools/bin/../lib/gcc/arm-atollic-eabi/6.3.1/armv7-m/crtbegin.o
LOAD BSP\OS\uCOS-III\bsp_os.o
LOAD BSP\ST\STM32\src\stm32f10x_adc.o
LOAD BSP\ST\STM32\src\stm32f10x_bkp.o
LOAD BSP\ST\STM32\src\stm32f10x_can.o
LOAD BSP\ST\STM32\src\stm32f10x_crc.o
LOAD BSP\ST\STM32\src\stm32f10x_dac.o
LOAD BSP\ST\STM32\src\stm32f10x_dbgmcu.o
LOAD BSP\ST\STM32\src\stm32f10x_dma.o
LOAD BSP\ST\STM32\src\stm32f10x_exti.o
LOAD BSP\ST\STM32\src\stm32f10x_flash.o
LOAD BSP\ST\STM32\src\stm32f10x_fsmc.o
LOAD BSP\ST\STM32\src\stm32f10x_gpio.o
LOAD BSP\ST\STM32\src\stm32f10x_i2c.o
LOAD BSP\ST\STM32\src\stm32f10x_iwdg.o
LOAD BSP\ST\STM32\src\stm32f10x_lib.o
LOAD BSP\ST\STM32\src\stm32f10x_nvic.o
LOAD BSP\ST\STM32\src\stm32f10x_pwr.o
LOAD BSP\ST\STM32\src\stm32f10x_rcc.o
LOAD BSP\ST\STM32\src\stm32f10x_rtc.o
LOAD BSP\ST\STM32\src\stm32f10x_sdio.o
LOAD BSP\ST\STM32\src\stm32f10x_spi.o
LOAD BSP\ST\STM32\src\stm32f10x_systick.o
LOAD BSP\ST\STM32\src\stm32f10x_tim.o
LOAD BSP\ST\STM32\src\stm32f10x_usart.o
LOAD BSP\ST\STM32\src\stm32f10x_wwdg.o
LOAD BSP\TrueSTUDIO\cstartup.o
LOAD BSP\bsp.o
LOAD BSP\bsp_i2c.o
LOAD BSP\bsp_int.o
LOAD BSP\bsp_periph.o
LOAD BSP\bsp_save\bsp_chip_save.o
LOAD BSP\bsp_uart.o
LOAD LTEModule\BaseDriver\AT_Command_Parser.o
LOAD LTEModule\BaseDriver\ME3630_Uart.o
LOAD LTEModule\BaseDriver\ME_State_Control.o
LOAD src\app.o
LOAD src\os_app_hooks.o
LOAD src\tiny_printf.o
LOAD uC-CPU\ARM-Cortex-M3\GNU\cpu_a.o
LOAD uC-CPU\ARM-Cortex-M3\GNU\cpu_c.o
LOAD uC-CPU\cpu_core.o
LOAD uC-LIB\Ports\ARM-Cortex-M3\GNU\lib_mem_a.o
LOAD uC-LIB\lib_ascii.o
LOAD uC-LIB\lib_fifo.o
LOAD uC-LIB\lib_math.o
LOAD uC-LIB\lib_mem.o
LOAD uC-LIB\lib_str.o
LOAD uCOS-III\Ports\ARM-Cortex-M3\Generic\GNU\os_cpu_a.o
LOAD uCOS-III\Ports\ARM-Cortex-M3\Generic\GNU\os_cpu_c.o
LOAD uCOS-III\Source\os_cfg_app.o
LOAD uCOS-III\Source\os_core.o
LOAD uCOS-III\Source\os_dbg.o
LOAD uCOS-III\Source\os_flag.o
LOAD uCOS-III\Source\os_int.o
LOAD uCOS-III\Source\os_mem.o
LOAD uCOS-III\Source\os_msg.o
LOAD uCOS-III\Source\os_mutex.o
LOAD uCOS-III\Source\os_pend_multi.o
LOAD uCOS-III\Source\os_prio.o
LOAD uCOS-III\Source\os_q.o
LOAD uCOS-III\Source\os_sem.o
LOAD uCOS-III\Source\os_stat.o
LOAD uCOS-III\Source\os_task.o
LOAD uCOS-III\Source\os_tick.o
LOAD uCOS-III\Source\os_time.o
LOAD uCOS-III\Source\os_tmr.o
LOAD uCOS-III\Source\os_var.o
                0x00000080                malloc_getpagesize_P = 0x80
START GROUP
LOAD d:/program files (x86)/truestudio for arm 8.0.0/armtools/bin/../lib/gcc/arm-atollic-eabi/6.3.1/../../../../arm-atollic-eabi/lib/armv7-m\libc_nano.a
LOAD d:/program files (x86)/truestudio for arm 8.0.0/armtools/bin/../lib/gcc/arm-atollic-eabi/6.3.1/../../../../arm-atollic-eabi/lib/armv7-m\libm.a
END GROUP
START GROUP
LOAD d:/program files (x86)/truestudio for arm 8.0.0/armtools/bin/../lib/gcc/arm-atollic-eabi/6.3.1/armv7-m\libgcc.a
LOAD d:/program files (x86)/truestudio for arm 8.0.0/armtools/bin/../lib/gcc/arm-atollic-eabi/6.3.1/../../../../arm-atollic-eabi/lib/armv7-m\libc_nano.a
END GROUP
START GROUP
LOAD d:/program files (x86)/truestudio for arm 8.0.0/armtools/bin/../lib/gcc/arm-atollic-eabi/6.3.1/armv7-m\libgcc.a
LOAD d:/program files (x86)/truestudio for arm 8.0.0/armtools/bin/../lib/gcc/arm-atollic-eabi/6.3.1/../../../../arm-atollic-eabi/lib/armv7-m\libc_nano.a
LOAD d:/program files (x86)/truestudio for arm 8.0.0/armtools/bin/../lib/gcc/arm-atollic-eabi/6.3.1/../../../../arm-atollic-eabi/lib/armv7-m\libnosys.a
END GROUP
START GROUP
LOAD d:/program files (x86)/truestudio for arm 8.0.0/armtools/bin/../lib/gcc/arm-atollic-eabi/6.3.1/armv7-m\libgcc.a
LOAD d:/program files (x86)/truestudio for arm 8.0.0/armtools/bin/../lib/gcc/arm-atollic-eabi/6.3.1/../../../../arm-atollic-eabi/lib/armv7-m\libc_nano.a
LOAD d:/program files (x86)/truestudio for arm 8.0.0/armtools/bin/../lib/gcc/arm-atollic-eabi/6.3.1/../../../../arm-atollic-eabi/lib/armv7-m\libnosys.a
END GROUP
LOAD d:/program files (x86)/truestudio for arm 8.0.0/armtools/bin/../lib/gcc/arm-atollic-eabi/6.3.1/armv7-m/crtend.o
LOAD d:/program files (x86)/truestudio for arm 8.0.0/armtools/bin/../lib/gcc/arm-atollic-eabi/6.3.1/armv7-m/crtn.o
                0x20010000                _estack = 0x20010000
                0x00000000                _Min_Heap_Size = 0x0
                0x00000200                _Min_Stack_Size = 0x200

.isr_vector     0x08000000      0x150
                0x08000000                . = ALIGN (0x4)
 *(.isr_vector)
 .isr_vector    0x08000000      0x150 BSP\TrueSTUDIO\cstartup.o
                0x08000000                g_pfnVectors
                0x08000150                . = ALIGN (0x4)

.text           0x08000150     0x92c0
                0x08000150                . = ALIGN (0x4)
 *(.text)
 .text          0x08000150       0x40 d:/program files (x86)/truestudio for arm 8.0.0/armtools/bin/../lib/gcc/arm-atollic-eabi/6.3.1/armv7-m/crtbegin.o
 .text          0x08000190       0x34 uC-CPU\ARM-Cortex-M3\GNU\cpu_a.o
                0x08000190                CPU_IntDis
                0x08000194                CPU_IntEn
                0x08000198                CPU_SR_Save
                0x080001a0                CPU_SR_Restore
                0x080001a6                CPU_WaitForInt
                0x080001aa                CPU_WaitForExcept
                0x080001ae                CPU_CntLeadZeros
                0x080001b4                CPU_CntTrailZeros
                0x080001be                CPU_RevBits
 .text          0x080001c4       0x84 uCOS-III\Ports\ARM-Cortex-M3\Generic\GNU\os_cpu_a.o
                0x080001c4                OSStartHighRdy
                0x080001e4                OS_CPU_PendSVHandler
 .text          0x08000248       0x10 d:/program files (x86)/truestudio for arm 8.0.0/armtools/bin/../lib/gcc/arm-atollic-eabi/6.3.1/../../../../arm-atollic-eabi/lib/armv7-m\libc_nano.a(lib_a-strlen.o)
                0x08000248                strlen
 *(.text*)
 .text.FLASH_SetLatency
                0x08000258       0x30 BSP\ST\STM32\src\stm32f10x_flash.o
                0x08000258                FLASH_SetLatency
 .text.FLASH_PrefetchBufferCmd
                0x08000288       0x30 BSP\ST\STM32\src\stm32f10x_flash.o
                0x08000288                FLASH_PrefetchBufferCmd
 .text.GPIO_Init
                0x080002b8      0x178 BSP\ST\STM32\src\stm32f10x_gpio.o
                0x080002b8                GPIO_Init
 .text.GPIO_SetBits
                0x08000430       0x1c BSP\ST\STM32\src\stm32f10x_gpio.o
                0x08000430                GPIO_SetBits
 .text.GPIO_ResetBits
                0x0800044c       0x1c BSP\ST\STM32\src\stm32f10x_gpio.o
                0x0800044c                GPIO_ResetBits
 .text.NVIC_Init
                0x08000468      0x11c BSP\ST\STM32\src\stm32f10x_nvic.o
                0x08000468                NVIC_Init
 .text.RCC_DeInit
                0x08000584       0x5c BSP\ST\STM32\src\stm32f10x_rcc.o
                0x08000584                RCC_DeInit
 .text.RCC_HSEConfig
                0x080005e0       0x5c BSP\ST\STM32\src\stm32f10x_rcc.o
                0x080005e0                RCC_HSEConfig
 .text.RCC_WaitForHSEStartUp
                0x0800063c       0x50 BSP\ST\STM32\src\stm32f10x_rcc.o
                0x0800063c                RCC_WaitForHSEStartUp
 .text.RCC_PLLConfig
                0x0800068c       0x3c BSP\ST\STM32\src\stm32f10x_rcc.o
                0x0800068c                RCC_PLLConfig
 .text.RCC_PLLCmd
                0x080006c8       0x20 BSP\ST\STM32\src\stm32f10x_rcc.o
                0x080006c8                RCC_PLLCmd
 .text.RCC_SYSCLKConfig
                0x080006e8       0x38 BSP\ST\STM32\src\stm32f10x_rcc.o
                0x080006e8                RCC_SYSCLKConfig
 .text.RCC_GetSYSCLKSource
                0x08000720       0x1c BSP\ST\STM32\src\stm32f10x_rcc.o
                0x08000720                RCC_GetSYSCLKSource
 .text.RCC_HCLKConfig
                0x0800073c       0x38 BSP\ST\STM32\src\stm32f10x_rcc.o
                0x0800073c                RCC_HCLKConfig
 .text.RCC_PCLK1Config
                0x08000774       0x38 BSP\ST\STM32\src\stm32f10x_rcc.o
                0x08000774                RCC_PCLK1Config
 .text.RCC_PCLK2Config
                0x080007ac       0x38 BSP\ST\STM32\src\stm32f10x_rcc.o
                0x080007ac                RCC_PCLK2Config
 .text.RCC_GetClocksFreq
                0x080007e4      0x1b0 BSP\ST\STM32\src\stm32f10x_rcc.o
                0x080007e4                RCC_GetClocksFreq
 .text.RCC_APB2PeriphClockCmd
                0x08000994       0x3c BSP\ST\STM32\src\stm32f10x_rcc.o
                0x08000994                RCC_APB2PeriphClockCmd
 .text.RCC_GetFlagStatus
                0x080009d0       0x74 BSP\ST\STM32\src\stm32f10x_rcc.o
                0x080009d0                RCC_GetFlagStatus
 .text.Reset_Handler
                0x08000a44       0x44 BSP\TrueSTUDIO\cstartup.o
                0x08000a44                Reset_Handler
 .text.App_NMI_ISR
                0x08000a88        0x2 BSP\TrueSTUDIO\cstartup.o
 .text.App_Fault_ISR
                0x08000a8a        0x2 BSP\TrueSTUDIO\cstartup.o
 .text.App_MemFault_ISR
                0x08000a8c        0x2 BSP\TrueSTUDIO\cstartup.o
 .text.App_BusFault_ISR
                0x08000a8e        0x2 BSP\TrueSTUDIO\cstartup.o
 .text.App_UsageFault_ISR
                0x08000a90        0x2 BSP\TrueSTUDIO\cstartup.o
 .text.App_Spurious_ISR
                0x08000a92        0x2 BSP\TrueSTUDIO\cstartup.o
 .text.App_Reserved_ISR
                0x08000a94        0x2 BSP\TrueSTUDIO\cstartup.o
 *fill*         0x08000a96        0x2 
 .text.BSP_Init
                0x08000a98       0x98 BSP\bsp.o
                0x08000a98                BSP_Init
 .text.BSP_CPU_ClkFreq
                0x08000b30       0x18 BSP\bsp.o
                0x08000b30                BSP_CPU_ClkFreq
 .text.BSP_LED_Init
                0x08000b48       0x54 BSP\bsp.o
 .text.BSP_StatusInit
                0x08000b9c       0x28 BSP\bsp.o
 .text.CPU_TS_TmrInit
                0x08000bc4       0x44 BSP\bsp.o
                0x08000bc4                CPU_TS_TmrInit
 .text.CPU_TS_TmrRd
                0x08000c08       0x14 BSP\bsp.o
                0x08000c08                CPU_TS_TmrRd
 .text.BSP_IntDisAll
                0x08000c1c        0xc BSP\bsp_int.o
                0x08000c1c                BSP_IntDisAll
 .text.BSP_IntEn
                0x08000c28       0x24 BSP\bsp_int.o
                0x08000c28                BSP_IntEn
 .text.BSP_IntVectSet
                0x08000c4c       0x40 BSP\bsp_int.o
                0x08000c4c                BSP_IntVectSet
 .text.BSP_IntInit
                0x08000c8c       0x2c BSP\bsp_int.o
                0x08000c8c                BSP_IntInit
 .text.BSP_IntHandlerWWDG
                0x08000cb8        0xe BSP\bsp_int.o
                0x08000cb8                BSP_IntHandlerWWDG
 .text.BSP_IntHandlerPVD
                0x08000cc6        0xe BSP\bsp_int.o
                0x08000cc6                BSP_IntHandlerPVD
 .text.BSP_IntHandlerTAMPER
                0x08000cd4        0xe BSP\bsp_int.o
                0x08000cd4                BSP_IntHandlerTAMPER
 .text.BSP_IntHandlerRTC
                0x08000ce2        0xe BSP\bsp_int.o
                0x08000ce2                BSP_IntHandlerRTC
 .text.BSP_IntHandlerFLASH
                0x08000cf0        0xe BSP\bsp_int.o
                0x08000cf0                BSP_IntHandlerFLASH
 .text.BSP_IntHandlerRCC
                0x08000cfe        0xe BSP\bsp_int.o
                0x08000cfe                BSP_IntHandlerRCC
 .text.BSP_IntHandlerEXTI0
                0x08000d0c        0xe BSP\bsp_int.o
                0x08000d0c                BSP_IntHandlerEXTI0
 .text.BSP_IntHandlerEXTI1
                0x08000d1a        0xe BSP\bsp_int.o
                0x08000d1a                BSP_IntHandlerEXTI1
 .text.BSP_IntHandlerEXTI2
                0x08000d28        0xe BSP\bsp_int.o
                0x08000d28                BSP_IntHandlerEXTI2
 .text.BSP_IntHandlerEXTI3
                0x08000d36        0xe BSP\bsp_int.o
                0x08000d36                BSP_IntHandlerEXTI3
 .text.BSP_IntHandlerEXTI4
                0x08000d44        0xe BSP\bsp_int.o
                0x08000d44                BSP_IntHandlerEXTI4
 .text.BSP_IntHandlerDMA1_CH1
                0x08000d52        0xe BSP\bsp_int.o
                0x08000d52                BSP_IntHandlerDMA1_CH1
 .text.BSP_IntHandlerDMA1_CH2
                0x08000d60        0xe BSP\bsp_int.o
                0x08000d60                BSP_IntHandlerDMA1_CH2
 .text.BSP_IntHandlerDMA1_CH3
                0x08000d6e        0xe BSP\bsp_int.o
                0x08000d6e                BSP_IntHandlerDMA1_CH3
 .text.BSP_IntHandlerDMA1_CH4
                0x08000d7c        0xe BSP\bsp_int.o
                0x08000d7c                BSP_IntHandlerDMA1_CH4
 .text.BSP_IntHandlerDMA1_CH5
                0x08000d8a        0xe BSP\bsp_int.o
                0x08000d8a                BSP_IntHandlerDMA1_CH5
 .text.BSP_IntHandlerDMA1_CH6
                0x08000d98        0xe BSP\bsp_int.o
                0x08000d98                BSP_IntHandlerDMA1_CH6
 .text.BSP_IntHandlerDMA1_CH7
                0x08000da6        0xe BSP\bsp_int.o
                0x08000da6                BSP_IntHandlerDMA1_CH7
 .text.BSP_IntHandlerADC1_2
                0x08000db4        0xe BSP\bsp_int.o
                0x08000db4                BSP_IntHandlerADC1_2
 .text.BSP_IntHandlerCAN1_TX
                0x08000dc2        0xe BSP\bsp_int.o
                0x08000dc2                BSP_IntHandlerCAN1_TX
 .text.BSP_IntHandlerCAN1_RX0
                0x08000dd0        0xe BSP\bsp_int.o
                0x08000dd0                BSP_IntHandlerCAN1_RX0
 .text.BSP_IntHandlerCAN1_RX1
                0x08000dde        0xe BSP\bsp_int.o
                0x08000dde                BSP_IntHandlerCAN1_RX1
 .text.BSP_IntHandlerCAN1_SCE
                0x08000dec        0xe BSP\bsp_int.o
                0x08000dec                BSP_IntHandlerCAN1_SCE
 .text.BSP_IntHandlerEXTI9_5
                0x08000dfa        0xe BSP\bsp_int.o
                0x08000dfa                BSP_IntHandlerEXTI9_5
 .text.BSP_IntHandlerTIM1_BRK
                0x08000e08        0xe BSP\bsp_int.o
                0x08000e08                BSP_IntHandlerTIM1_BRK
 .text.BSP_IntHandlerTIM1_UP
                0x08000e16        0xe BSP\bsp_int.o
                0x08000e16                BSP_IntHandlerTIM1_UP
 .text.BSP_IntHandlerTIM1_TRG_COM
                0x08000e24        0xe BSP\bsp_int.o
                0x08000e24                BSP_IntHandlerTIM1_TRG_COM
 .text.BSP_IntHandlerTIM1_CC
                0x08000e32        0xe BSP\bsp_int.o
                0x08000e32                BSP_IntHandlerTIM1_CC
 .text.BSP_IntHandlerTIM2
                0x08000e40        0xe BSP\bsp_int.o
                0x08000e40                BSP_IntHandlerTIM2
 .text.BSP_IntHandlerTIM3
                0x08000e4e        0xe BSP\bsp_int.o
                0x08000e4e                BSP_IntHandlerTIM3
 .text.BSP_IntHandlerTIM4
                0x08000e5c        0xe BSP\bsp_int.o
                0x08000e5c                BSP_IntHandlerTIM4
 .text.BSP_IntHandlerI2C1_EV
                0x08000e6a        0xe BSP\bsp_int.o
                0x08000e6a                BSP_IntHandlerI2C1_EV
 .text.BSP_IntHandlerI2C1_ER
                0x08000e78        0xe BSP\bsp_int.o
                0x08000e78                BSP_IntHandlerI2C1_ER
 .text.BSP_IntHandlerI2C2_EV
                0x08000e86        0xe BSP\bsp_int.o
                0x08000e86                BSP_IntHandlerI2C2_EV
 .text.BSP_IntHandlerI2C2_ER
                0x08000e94        0xe BSP\bsp_int.o
                0x08000e94                BSP_IntHandlerI2C2_ER
 .text.BSP_IntHandlerSPI1
                0x08000ea2        0xe BSP\bsp_int.o
                0x08000ea2                BSP_IntHandlerSPI1
 .text.BSP_IntHandlerSPI2
                0x08000eb0        0xe BSP\bsp_int.o
                0x08000eb0                BSP_IntHandlerSPI2
 .text.BSP_IntHandlerUSART1
                0x08000ebe        0xe BSP\bsp_int.o
                0x08000ebe                BSP_IntHandlerUSART1
 .text.BSP_IntHandlerUSART2
                0x08000ecc        0xe BSP\bsp_int.o
                0x08000ecc                BSP_IntHandlerUSART2
 .text.BSP_IntHandlerUSART3
                0x08000eda        0xe BSP\bsp_int.o
                0x08000eda                BSP_IntHandlerUSART3
 .text.BSP_IntHandlerEXTI15_10
                0x08000ee8        0xe BSP\bsp_int.o
                0x08000ee8                BSP_IntHandlerEXTI15_10
 .text.BSP_IntHandlerRTCAlarm
                0x08000ef6        0xe BSP\bsp_int.o
                0x08000ef6                BSP_IntHandlerRTCAlarm
 .text.BSP_IntHandlerUSBWakeUp
                0x08000f04        0xe BSP\bsp_int.o
                0x08000f04                BSP_IntHandlerUSBWakeUp
 .text.BSP_IntHandlerTIM5
                0x08000f12        0xe BSP\bsp_int.o
                0x08000f12                BSP_IntHandlerTIM5
 .text.BSP_IntHandlerSPI3
                0x08000f20        0xe BSP\bsp_int.o
                0x08000f20                BSP_IntHandlerSPI3
 .text.BSP_IntHandlerUSART4
                0x08000f2e        0xe BSP\bsp_int.o
                0x08000f2e                BSP_IntHandlerUSART4
 .text.BSP_IntHandlerUSART5
                0x08000f3c        0xe BSP\bsp_int.o
                0x08000f3c                BSP_IntHandlerUSART5
 .text.BSP_IntHandlerTIM6
                0x08000f4a        0xe BSP\bsp_int.o
                0x08000f4a                BSP_IntHandlerTIM6
 .text.BSP_IntHandlerTIM7
                0x08000f58        0xe BSP\bsp_int.o
                0x08000f58                BSP_IntHandlerTIM7
 .text.BSP_IntHandlerDMA2_CH1
                0x08000f66        0xe BSP\bsp_int.o
                0x08000f66                BSP_IntHandlerDMA2_CH1
 .text.BSP_IntHandlerDMA2_CH2
                0x08000f74        0xe BSP\bsp_int.o
                0x08000f74                BSP_IntHandlerDMA2_CH2
 .text.BSP_IntHandlerDMA2_CH3
                0x08000f82        0xe BSP\bsp_int.o
                0x08000f82                BSP_IntHandlerDMA2_CH3
 .text.BSP_IntHandlerDMA2_CH4
                0x08000f90        0xe BSP\bsp_int.o
                0x08000f90                BSP_IntHandlerDMA2_CH4
 .text.BSP_IntHandlerDMA2_CH5
                0x08000f9e        0xe BSP\bsp_int.o
                0x08000f9e                BSP_IntHandlerDMA2_CH5
 .text.BSP_IntHandlerETH
                0x08000fac        0xe BSP\bsp_int.o
                0x08000fac                BSP_IntHandlerETH
 .text.BSP_IntHandlerETHWakeup
                0x08000fba        0xe BSP\bsp_int.o
                0x08000fba                BSP_IntHandlerETHWakeup
 .text.BSP_IntHandlerCAN2_TX
                0x08000fc8        0xe BSP\bsp_int.o
                0x08000fc8                BSP_IntHandlerCAN2_TX
 .text.BSP_IntHandlerCAN2_RX0
                0x08000fd6        0xe BSP\bsp_int.o
                0x08000fd6                BSP_IntHandlerCAN2_RX0
 .text.BSP_IntHandlerCAN2_RX1
                0x08000fe4        0xe BSP\bsp_int.o
                0x08000fe4                BSP_IntHandlerCAN2_RX1
 .text.BSP_IntHandlerCAN2_SCE
                0x08000ff2        0xe BSP\bsp_int.o
                0x08000ff2                BSP_IntHandlerCAN2_SCE
 .text.BSP_IntHandlerOTG
                0x08001000        0xe BSP\bsp_int.o
                0x08001000                BSP_IntHandlerOTG
 *fill*         0x0800100e        0x2 
 .text.BSP_IntHandler
                0x08001010       0x50 BSP\bsp_int.o
 .text.BSP_IntHandlerDummy
                0x08001060        0xc BSP\bsp_int.o
 .text.OnChipGet
                0x0800106c       0x1a BSP\bsp_save\bsp_chip_save.o
                0x0800106c                OnChipGet
 *fill*         0x08001086        0x2 
 .text.UartGpioRccIrqConfig
                0x08001088      0x170 BSP\bsp_uart.o
                0x08001088                UartGpioRccIrqConfig
 .text.UartOpen
                0x080011f8      0x218 BSP\bsp_uart.o
                0x080011f8                UartOpen
 .text.UartIsRecive
                0x08001410       0x34 BSP\bsp_uart.o
                0x08001410                UartIsRecive
 .text.UartRead
                0x08001444       0x58 BSP\bsp_uart.o
                0x08001444                UartRead
 .text.UartWrite
                0x0800149c       0x58 BSP\bsp_uart.o
                0x0800149c                UartWrite
 .text.UartStartSendData
                0x080014f4       0x5c BSP\bsp_uart.o
                0x080014f4                UartStartSendData
 .text.UartStartSendData1
                0x08001550        0xe BSP\bsp_uart.o
                0x08001550                UartStartSendData1
 .text.UartStartSendData2
                0x0800155e        0xe BSP\bsp_uart.o
                0x0800155e                UartStartSendData2
 .text.UartStartSendData4
                0x0800156c        0xe BSP\bsp_uart.o
                0x0800156c                UartStartSendData4
 *fill*         0x0800157a        0x2 
 .text.UartIRQ  0x0800157c      0x328 BSP\bsp_uart.o
                0x0800157c                UartIRQ
 .text.Uart1IRQ
                0x080018a4        0xe BSP\bsp_uart.o
                0x080018a4                Uart1IRQ
 .text.Uart2IRQ
                0x080018b2        0xe BSP\bsp_uart.o
                0x080018b2                Uart2IRQ
 .text.Uart4IRQ
                0x080018c0        0xe BSP\bsp_uart.o
                0x080018c0                Uart4IRQ
 *fill*         0x080018ce        0x2 
 .text.ATAnswerCheck
                0x080018d0       0x60 LTEModule\BaseDriver\AT_Command_Parser.o
                0x080018d0                ATAnswerCheck
 .text.ATHandle
                0x08001930       0x28 LTEModule\BaseDriver\AT_Command_Parser.o
                0x08001930                ATHandle
 .text.WatiATHandler
                0x08001958       0x54 LTEModule\BaseDriver\AT_Command_Parser.o
                0x08001958                WatiATHandler
 .text.WaitATEHandler
                0x080019ac       0x54 LTEModule\BaseDriver\AT_Command_Parser.o
                0x080019ac                WaitATEHandler
 .text.WaitCFUNHandler
                0x08001a00       0xc8 LTEModule\BaseDriver\AT_Command_Parser.o
                0x08001a00                WaitCFUNHandler
 .text.WaitCMEEHandler
                0x08001ac8       0x18 LTEModule\BaseDriver\AT_Command_Parser.o
                0x08001ac8                WaitCMEEHandler
 .text.WaitCREGHandler
                0x08001ae0      0x100 LTEModule\BaseDriver\AT_Command_Parser.o
                0x08001ae0                WaitCREGHandler
 .text.WaitCPINHandler
                0x08001be0      0x1c8 LTEModule\BaseDriver\AT_Command_Parser.o
                0x08001be0                WaitCPINHandler
 .text.WaitCTZUHandler
                0x08001da8       0x18 LTEModule\BaseDriver\AT_Command_Parser.o
                0x08001da8                WaitCTZUHandler
 .text.WaitCMGFHandler
                0x08001dc0       0x18 LTEModule\BaseDriver\AT_Command_Parser.o
                0x08001dc0                WaitCMGFHandler
 .text.WaitCSMSHandler
                0x08001dd8       0x18 LTEModule\BaseDriver\AT_Command_Parser.o
                0x08001dd8                WaitCSMSHandler
 .text.WaitCNMIHandler
                0x08001df0       0x18 LTEModule\BaseDriver\AT_Command_Parser.o
                0x08001df0                WaitCNMIHandler
 .text.WaitCPMSHandler
                0x08001e08       0x18 LTEModule\BaseDriver\AT_Command_Parser.o
                0x08001e08                WaitCPMSHandler
 .text.WaitCGDCONTHandler
                0x08001e20       0x18 LTEModule\BaseDriver\AT_Command_Parser.o
                0x08001e20                WaitCGDCONTHandler
 .text.WaitCSQHandler
                0x08001e38       0x9c LTEModule\BaseDriver\AT_Command_Parser.o
                0x08001e38                WaitCSQHandler
 .text.WaitZSNTHandler
                0x08001ed4       0x18 LTEModule\BaseDriver\AT_Command_Parser.o
                0x08001ed4                WaitZSNTHandler
 .text.WaitZSDTHandler
                0x08001eec       0x54 LTEModule\BaseDriver\AT_Command_Parser.o
                0x08001eec                WaitZSDTHandler
 .text.WaitZIPCALLHandler
                0x08001f40      0x110 LTEModule\BaseDriver\AT_Command_Parser.o
                0x08001f40                WaitZIPCALLHandler
 .text.WaitZIPOPENHandler
                0x08002050       0x9c LTEModule\BaseDriver\AT_Command_Parser.o
                0x08002050                WaitZIPOPENHandler
 .text.WaitZIPCLOSEHandler
                0x080020ec       0x18 LTEModule\BaseDriver\AT_Command_Parser.o
                0x080020ec                WaitZIPCLOSEHandler
 .text.WaitZIPSENDFHandler
                0x08002104       0x18 LTEModule\BaseDriver\AT_Command_Parser.o
                0x08002104                WaitZIPSENDFHandler
 .text.WaitZIPSTATHandler
                0x0800211c       0x18 LTEModule\BaseDriver\AT_Command_Parser.o
                0x0800211c                WaitZIPSTATHandler
 .text.ME3630Init
                0x08002134       0x60 LTEModule\BaseDriver\ME3630_Uart.o
                0x08002134                ME3630Init
 .text.MEUartSend
                0x08002194       0x22 LTEModule\BaseDriver\ME3630_Uart.o
                0x08002194                MEUartSend
 .text.MEUartRxTask
                0x080021b6       0x2a LTEModule\BaseDriver\ME3630_Uart.o
                0x080021b6                MEUartRxTask
 .text.ATReturnParser
                0x080021e0      0x21c LTEModule\BaseDriver\ME3630_Uart.o
                0x080021e0                ATReturnParser
 .text.MEIint   0x080023fc       0x34 LTEModule\BaseDriver\ME_State_Control.o
                0x080023fc                MEIint
 .text.MEOpenPower
                0x08002430       0xcc LTEModule\BaseDriver\ME_State_Control.o
                0x08002430                MEOpenPower
 .text.MEOpenInit
                0x080024fc      0x144 LTEModule\BaseDriver\ME_State_Control.o
                0x080024fc                MEOpenInit
 .text.MEConnecting
                0x08002640       0x9c LTEModule\BaseDriver\ME_State_Control.o
                0x08002640                MEConnecting
 .text.MEException
                0x080026dc        0xc LTEModule\BaseDriver\ME_State_Control.o
                0x080026dc                MEException
 .text.MESetCommand
                0x080026e8       0x58 LTEModule\BaseDriver\ME_State_Control.o
                0x080026e8                MESetCommand
 .text.MESendCommand
                0x08002740       0x36 LTEModule\BaseDriver\ME_State_Control.o
                0x08002740                MESendCommand
 *fill*         0x08002776        0x2 
 .text.MERunStepInc
                0x08002778       0x40 LTEModule\BaseDriver\ME_State_Control.o
                0x08002778                MERunStepInc
 .text.MESetRunStep
                0x080027b8       0x40 LTEModule\BaseDriver\ME_State_Control.o
                0x080027b8                MESetRunStep
 .text.MESetAtState
                0x080027f8       0x48 LTEModule\BaseDriver\ME_State_Control.o
                0x080027f8                MESetAtState
 .text.SetMERunState
                0x08002840       0x5c LTEModule\BaseDriver\ME_State_Control.o
                0x08002840                SetMERunState
 .text.METimeTask
                0x0800289c       0x64 LTEModule\BaseDriver\ME_State_Control.o
                0x0800289c                METimeTask
 .text.SetMEErr
                0x08002900        0xe LTEModule\BaseDriver\ME_State_Control.o
                0x08002900                SetMEErr
 *fill*         0x0800290e        0x2 
 .text.MERunTask
                0x08002910       0x5c LTEModule\BaseDriver\ME_State_Control.o
                0x08002910                MERunTask
 .text.main     0x0800296c       0x64 src\app.o
                0x0800296c                main
 .text.AppTaskStart
                0x080029d0      0x138 src\app.o
 .text.ts_itoa  0x08002b08       0x90 src\tiny_printf.o
                0x08002b08                ts_itoa
 .text.ts_formatstring
                0x08002b98      0x12e src\tiny_printf.o
                0x08002b98                ts_formatstring
 .text.siprintf
                0x08002cc6       0x2c src\tiny_printf.o
                0x08002cc6                siprintf
                0x08002cc6                sprintf
 *fill*         0x08002cf2        0x2 
 .text.CPU_IntSrcEn
                0x08002cf4      0x16c uC-CPU\ARM-Cortex-M3\GNU\cpu_c.o
                0x08002cf4                CPU_IntSrcEn
 .text.CPU_Init
                0x08002e60       0x14 uC-CPU\cpu_core.o
                0x08002e60                CPU_Init
 .text.CPU_NameClr
                0x08002e74       0x34 uC-CPU\cpu_core.o
                0x08002e74                CPU_NameClr
 .text.CPU_TS_TmrFreqSet
                0x08002ea8       0x1c uC-CPU\cpu_core.o
                0x08002ea8                CPU_TS_TmrFreqSet
 .text.CPU_IntDisMeasMaxCurReset
                0x08002ec4       0x30 uC-CPU\cpu_core.o
                0x08002ec4                CPU_IntDisMeasMaxCurReset
 .text.CPU_IntDisMeasMaxCurGet
                0x08002ef4       0x34 uC-CPU\cpu_core.o
                0x08002ef4                CPU_IntDisMeasMaxCurGet
 .text.CPU_IntDisMeasMaxGet
                0x08002f28       0x34 uC-CPU\cpu_core.o
                0x08002f28                CPU_IntDisMeasMaxGet
 .text.CPU_IntDisMeasStart
                0x08002f5c       0x40 uC-CPU\cpu_core.o
                0x08002f5c                CPU_IntDisMeasStart
 .text.CPU_IntDisMeasStop
                0x08002f9c       0x6c uC-CPU\cpu_core.o
                0x08002f9c                CPU_IntDisMeasStop
 .text.CPU_NameInit
                0x08003008        0xc uC-CPU\cpu_core.o
 .text.CPU_TS_Init
                0x08003014       0x18 uC-CPU\cpu_core.o
 .text.CPU_IntDisMeasInit
                0x0800302c       0xa4 uC-CPU\cpu_core.o
 .text.CPU_IntDisMeasMaxCalc
                0x080030d0       0x38 uC-CPU\cpu_core.o
 .text.CFifoCreate
                0x08003108       0x46 uC-LIB\lib_fifo.o
                0x08003108                CFifoCreate
 .text.DataDec  0x0800314e       0x54 uC-LIB\lib_fifo.o
                0x0800314e                DataDec
 .text.DataInc  0x080031a2       0x54 uC-LIB\lib_fifo.o
                0x080031a2                DataInc
 .text.CFifoRead
                0x080031f6       0x44 uC-LIB\lib_fifo.o
                0x080031f6                CFifoRead
 .text.CFifoReads
                0x0800323a       0x60 uC-LIB\lib_fifo.o
                0x0800323a                CFifoReads
 .text.CFifoWriteNoWait
                0x0800329a       0x50 uC-LIB\lib_fifo.o
                0x0800329a                CFifoWriteNoWait
 .text.CFifoWrites
                0x080032ea       0x7e uC-LIB\lib_fifo.o
                0x080032ea                CFifoWrites
 .text.Mem_Clr  0x08003368       0x1c uC-LIB\lib_mem.o
                0x08003368                Mem_Clr
 .text.Mem_Set  0x08003384       0xc6 uC-LIB\lib_mem.o
                0x08003384                Mem_Set
 *fill*         0x0800344a        0x2 
 .text.OSIdleTaskHook
                0x0800344c       0x1c uCOS-III\Ports\ARM-Cortex-M3\Generic\GNU\os_cpu_c.o
                0x0800344c                OSIdleTaskHook
 .text.OSInitHook
                0x08003468       0x58 uCOS-III\Ports\ARM-Cortex-M3\Generic\GNU\os_cpu_c.o
                0x08003468                OSInitHook
 .text.OSStatTaskHook
                0x080034c0       0x1c uCOS-III\Ports\ARM-Cortex-M3\Generic\GNU\os_cpu_c.o
                0x080034c0                OSStatTaskHook
 .text.OSTaskCreateHook
                0x080034dc       0x24 uCOS-III\Ports\ARM-Cortex-M3\Generic\GNU\os_cpu_c.o
                0x080034dc                OSTaskCreateHook
 .text.OSTaskDelHook
                0x08003500       0x24 uCOS-III\Ports\ARM-Cortex-M3\Generic\GNU\os_cpu_c.o
                0x08003500                OSTaskDelHook
 .text.OSTaskReturnHook
                0x08003524       0x24 uCOS-III\Ports\ARM-Cortex-M3\Generic\GNU\os_cpu_c.o
                0x08003524                OSTaskReturnHook
 .text.OSTaskStkInit
                0x08003548      0x100 uCOS-III\Ports\ARM-Cortex-M3\Generic\GNU\os_cpu_c.o
                0x08003548                OSTaskStkInit
 .text.OSTaskSwHook
                0x08003648       0xb8 uCOS-III\Ports\ARM-Cortex-M3\Generic\GNU\os_cpu_c.o
                0x08003648                OSTaskSwHook
 .text.OSTimeTickHook
                0x08003700       0x1c uCOS-III\Ports\ARM-Cortex-M3\Generic\GNU\os_cpu_c.o
                0x08003700                OSTimeTickHook
 .text.OS_CPU_SysTickHandler
                0x0800371c       0x40 uCOS-III\Ports\ARM-Cortex-M3\Generic\GNU\os_cpu_c.o
                0x0800371c                OS_CPU_SysTickHandler
 .text.OS_CPU_SysTickInit
                0x0800375c       0x54 uCOS-III\Ports\ARM-Cortex-M3\Generic\GNU\os_cpu_c.o
                0x0800375c                OS_CPU_SysTickInit
 .text.OSCfg_Init
                0x080037b0        0xc uCOS-III\Source\os_cfg_app.o
                0x080037b0                OSCfg_Init
 .text.OSInit   0x080037bc      0x21c uCOS-III\Source\os_core.o
                0x080037bc                OSInit
 .text.OSIntEnter
                0x080039d8       0x38 uCOS-III\Source\os_core.o
                0x080039d8                OSIntEnter
 .text.OSIntExit
                0x08003a10       0xe0 uCOS-III\Source\os_core.o
                0x08003a10                OSIntExit
 .text.OSSched  0x08003af0       0xac uCOS-III\Source\os_core.o
                0x08003af0                OSSched
 .text.OSSchedLock
                0x08003b9c       0x80 uCOS-III\Source\os_core.o
                0x08003b9c                OSSchedLock
 .text.OSSchedUnlock
                0x08003c1c       0xa0 uCOS-III\Source\os_core.o
                0x08003c1c                OSSchedUnlock
 .text.OSStart  0x08003cbc       0x80 uCOS-III\Source\os_core.o
                0x08003cbc                OSStart
 .text.OS_IdleTask
                0x08003d3c       0x44 uCOS-III\Source\os_core.o
                0x08003d3c                OS_IdleTask
 .text.OS_IdleTaskInit
                0x08003d80       0x68 uCOS-III\Source\os_core.o
                0x08003d80                OS_IdleTaskInit
 .text.OS_Pend  0x08003de8       0x84 uCOS-III\Source\os_core.o
                0x08003de8                OS_Pend
 .text.OS_PendDataInit
                0x08003e6c       0x68 uCOS-III\Source\os_core.o
                0x08003e6c                OS_PendDataInit
 .text.OS_PendDbgNameAdd
                0x08003ed4       0x7c uCOS-III\Source\os_core.o
                0x08003ed4                OS_PendDbgNameAdd
 .text.OS_PendDbgNameRemove
                0x08003f50       0x48 uCOS-III\Source\os_core.o
                0x08003f50                OS_PendDbgNameRemove
 .text.OS_PendListInit
                0x08003f98       0x24 uCOS-III\Source\os_core.o
                0x08003f98                OS_PendListInit
 .text.OS_PendListInsertPrio
                0x08003fbc       0xe6 uCOS-III\Source\os_core.o
                0x08003fbc                OS_PendListInsertPrio
 .text.OS_PendListRemove
                0x080040a2       0x50 uCOS-III\Source\os_core.o
                0x080040a2                OS_PendListRemove
 .text.OS_PendListRemove1
                0x080040f2       0x92 uCOS-III\Source\os_core.o
                0x080040f2                OS_PendListRemove1
 .text.OS_Post  0x08004184      0x118 uCOS-III\Source\os_core.o
                0x08004184                OS_Post
 .text.OS_Post1
                0x0800429c       0x5c uCOS-III\Source\os_core.o
                0x0800429c                OS_Post1
 .text.OS_RdyListInit
                0x080042f8       0x48 uCOS-III\Source\os_core.o
                0x080042f8                OS_RdyListInit
 .text.OS_RdyListInsert
                0x08004340       0x3c uCOS-III\Source\os_core.o
                0x08004340                OS_RdyListInsert
 .text.OS_RdyListInsertHead
                0x0800437c       0x80 uCOS-III\Source\os_core.o
                0x0800437c                OS_RdyListInsertHead
 .text.OS_RdyListInsertTail
                0x080043fc       0x80 uCOS-III\Source\os_core.o
                0x080043fc                OS_RdyListInsertTail
 .text.OS_RdyListMoveHeadToTail
                0x0800447c       0x8e uCOS-III\Source\os_core.o
                0x0800447c                OS_RdyListMoveHeadToTail
 *fill*         0x0800450a        0x2 
 .text.OS_RdyListRemove
                0x0800450c       0xb0 uCOS-III\Source\os_core.o
                0x0800450c                OS_RdyListRemove
 .text.OS_Sched0
                0x080045bc       0x60 uCOS-III\Source\os_core.o
                0x080045bc                OS_Sched0
 .text.OS_SchedLockTimeMeasStart
                0x0800461c       0x24 uCOS-III\Source\os_core.o
                0x0800461c                OS_SchedLockTimeMeasStart
 .text.OS_SchedLockTimeMeasStop
                0x08004640       0x54 uCOS-III\Source\os_core.o
                0x08004640                OS_SchedLockTimeMeasStop
 .text.OS_SchedRoundRobin
                0x08004694       0xe4 uCOS-III\Source\os_core.o
                0x08004694                OS_SchedRoundRobin
 .text.OS_TaskBlock
                0x08004778       0x4e uCOS-III\Source\os_core.o
                0x08004778                OS_TaskBlock
 .text.OS_TaskRdy
                0x080047c6       0x2a uCOS-III\Source\os_core.o
                0x080047c6                OS_TaskRdy
 .text.OS_Dbg_Init
                0x080047f0      0x248 uCOS-III\Source\os_dbg.o
                0x080047f0                OS_Dbg_Init
 .text.OS_FlagInit
                0x08004a38       0x2c uCOS-III\Source\os_flag.o
                0x08004a38                OS_FlagInit
 .text.OS_FlagPost
                0x08004a64      0x290 uCOS-III\Source\os_flag.o
                0x08004a64                OS_FlagPost
 .text.OS_FlagTaskRdy
                0x08004cf4       0x88 uCOS-III\Source\os_flag.o
                0x08004cf4                OS_FlagTaskRdy
 .text.OS_IntQPost
                0x08004d7c      0x104 uCOS-III\Source\os_int.o
                0x08004d7c                OS_IntQPost
 .text.OS_IntQRePost
                0x08004e80      0x1c0 uCOS-III\Source\os_int.o
                0x08004e80                OS_IntQRePost
 .text.OS_IntQTask
                0x08005040       0xc4 uCOS-III\Source\os_int.o
                0x08005040                OS_IntQTask
 .text.OS_IntQTaskInit
                0x08005104      0x164 uCOS-III\Source\os_int.o
                0x08005104                OS_IntQTaskInit
 .text.OS_MemInit
                0x08005268       0x2c uCOS-III\Source\os_mem.o
                0x08005268                OS_MemInit
 .text.OS_MsgPoolInit
                0x08005294       0xcc uCOS-III\Source\os_msg.o
                0x08005294                OS_MsgPoolInit
 .text.OS_MsgQFreeAll
                0x08005360       0x74 uCOS-III\Source\os_msg.o
                0x08005360                OS_MsgQFreeAll
 .text.OS_MsgQInit
                0x080053d4       0x34 uCOS-III\Source\os_msg.o
                0x080053d4                OS_MsgQInit
 .text.OS_MsgQPut
                0x08005408      0x110 uCOS-III\Source\os_msg.o
                0x08005408                OS_MsgQPut
 .text.OS_MutexInit
                0x08005518       0x2c uCOS-III\Source\os_mutex.o
                0x08005518                OS_MutexInit
 .text.OS_PrioInit
                0x08005544       0x30 uCOS-III\Source\os_prio.o
                0x08005544                OS_PrioInit
 .text.OS_PrioGetHighest
                0x08005574       0x48 uCOS-III\Source\os_prio.o
                0x08005574                OS_PrioGetHighest
 .text.OS_PrioInsert
                0x080055bc       0x4c uCOS-III\Source\os_prio.o
                0x080055bc                OS_PrioInsert
 .text.OS_PrioRemove
                0x08005608       0x50 uCOS-III\Source\os_prio.o
                0x08005608                OS_PrioRemove
 .text.OS_QInit
                0x08005658       0x2c uCOS-III\Source\os_q.o
                0x08005658                OS_QInit
 .text.OS_QPost
                0x08005684      0x16c uCOS-III\Source\os_q.o
                0x08005684                OS_QPost
 .text.OSSemCreate
                0x080057f0       0xdc uCOS-III\Source\os_sem.o
                0x080057f0                OSSemCreate
 .text.OSSemPend
                0x080058cc      0x22c uCOS-III\Source\os_sem.o
                0x080058cc                OSSemPend
 .text.OS_SemDbgListAdd
                0x08005af8       0x4c uCOS-III\Source\os_sem.o
                0x08005af8                OS_SemDbgListAdd
 .text.OS_SemInit
                0x08005b44       0x2c uCOS-III\Source\os_sem.o
                0x08005b44                OS_SemInit
 .text.OS_SemPost
                0x08005b70      0x138 uCOS-III\Source\os_sem.o
                0x08005b70                OS_SemPost
 .text.OSStatReset
                0x08005ca8      0x17c uCOS-III\Source\os_stat.o
                0x08005ca8                OSStatReset
 .text.OSStatTaskCPUUsageInit
                0x08005e24      0x10c uCOS-III\Source\os_stat.o
                0x08005e24                OSStatTaskCPUUsageInit
 .text.OS_StatTask
                0x08005f30      0x3c8 uCOS-III\Source\os_stat.o
                0x08005f30                OS_StatTask
 .text.OS_StatTaskInit
                0x080062f8       0xd4 uCOS-III\Source\os_stat.o
                0x080062f8                OS_StatTaskInit
 .text.OSTaskCreate
                0x080063cc      0x2cc uCOS-III\Source\os_task.o
                0x080063cc                OSTaskCreate
 .text.OSTaskDel
                0x08006698      0x1f8 uCOS-III\Source\os_task.o
                0x08006698                OSTaskDel
 .text.OSTaskResume
                0x08006890       0x88 uCOS-III\Source\os_task.o
                0x08006890                OSTaskResume
 .text.OSTaskSemPend
                0x08006918      0x240 uCOS-III\Source\os_task.o
                0x08006918                OSTaskSemPend
 .text.OSTaskSemPost
                0x08006b58       0x78 uCOS-III\Source\os_task.o
                0x08006b58                OSTaskSemPost
 .text.OSTaskStkChk
                0x08006bd0      0x100 uCOS-III\Source\os_task.o
                0x08006bd0                OSTaskStkChk
 .text.OSTaskSuspend
                0x08006cd0       0x74 uCOS-III\Source\os_task.o
                0x08006cd0                OSTaskSuspend
 .text.OS_TaskDbgListAdd
                0x08006d44       0x4c uCOS-III\Source\os_task.o
                0x08006d44                OS_TaskDbgListAdd
 .text.OS_TaskDbgListRemove
                0x08006d90       0x84 uCOS-III\Source\os_task.o
                0x08006d90                OS_TaskDbgListRemove
 .text.OS_TaskInit
                0x08006e14       0x38 uCOS-III\Source\os_task.o
                0x08006e14                OS_TaskInit
 .text.OS_TaskInitTCB
                0x08006e4c      0x1a8 uCOS-III\Source\os_task.o
                0x08006e4c                OS_TaskInitTCB
 .text.OS_TaskQPost
                0x08006ff4      0x22c uCOS-III\Source\os_task.o
                0x08006ff4                OS_TaskQPost
 .text.OS_TaskResume
                0x08007220      0x188 uCOS-III\Source\os_task.o
                0x08007220                OS_TaskResume
 .text.OS_TaskReturn
                0x080073a8       0x28 uCOS-III\Source\os_task.o
                0x080073a8                OS_TaskReturn
 .text.OS_TaskSemPost
                0x080073d0      0x2f4 uCOS-III\Source\os_task.o
                0x080073d0                OS_TaskSemPost
 .text.OS_TaskSuspend
                0x080076c4      0x17c uCOS-III\Source\os_task.o
                0x080076c4                OS_TaskSuspend
 .text.OS_TickTask
                0x08007840       0x30 uCOS-III\Source\os_tick.o
                0x08007840                OS_TickTask
 .text.OS_TickTaskInit
                0x08007870       0xb8 uCOS-III\Source\os_tick.o
                0x08007870                OS_TickTaskInit
 .text.OS_TickListInit
                0x08007928       0x4c uCOS-III\Source\os_tick.o
                0x08007928                OS_TickListInit
 .text.OS_TickListInsert
                0x08007974      0x1f0 uCOS-III\Source\os_tick.o
                0x08007974                OS_TickListInsert
 .text.OS_TickListRemove
                0x08007b64       0x8a uCOS-III\Source\os_tick.o
                0x08007b64                OS_TickListRemove
 *fill*         0x08007bee        0x2 
 .text.OS_TickListResetPeak
                0x08007bf0       0x40 uCOS-III\Source\os_tick.o
                0x08007bf0                OS_TickListResetPeak
 .text.OS_TickListUpdate
                0x08007c30      0x26c uCOS-III\Source\os_tick.o
                0x08007c30                OS_TickListUpdate
 .text.OSTimeDly
                0x08007e9c      0x154 uCOS-III\Source\os_time.o
                0x08007e9c                OSTimeDly
 .text.OSTimeDlyHMSM
                0x08007ff0      0x274 uCOS-III\Source\os_time.o
                0x08007ff0                OSTimeDlyHMSM
 .text.OSTimeGet
                0x08008264       0x3c uCOS-III\Source\os_time.o
                0x08008264                OSTimeGet
 .text.OSTimeTick
                0x080082a0       0x50 uCOS-III\Source\os_time.o
                0x080082a0                OSTimeTick
 .text.OS_TmrInit
                0x080082f0      0x140 uCOS-III\Source\os_tmr.o
                0x080082f0                OS_TmrInit
 .text.OS_TmrLink
                0x08008430      0x168 uCOS-III\Source\os_tmr.o
                0x08008430                OS_TmrLink
 .text.OS_TmrResetPeak
                0x08008598       0x40 uCOS-III\Source\os_tmr.o
                0x08008598                OS_TmrResetPeak
 .text.OS_TmrUnlink
                0x080085d8       0x9c uCOS-III\Source\os_tmr.o
                0x080085d8                OS_TmrUnlink
 .text.OS_TmrTask
                0x08008674      0x104 uCOS-III\Source\os_tmr.o
                0x08008674                OS_TmrTask
 .text.__libc_init_array
                0x08008778       0x48 d:/program files (x86)/truestudio for arm 8.0.0/armtools/bin/../lib/gcc/arm-atollic-eabi/6.3.1/../../../../arm-atollic-eabi/lib/armv7-m\libc_nano.a(lib_a-init.o)
                0x08008778                __libc_init_array
 .text.memset   0x080087c0       0x10 d:/program files (x86)/truestudio for arm 8.0.0/armtools/bin/../lib/gcc/arm-atollic-eabi/6.3.1/../../../../arm-atollic-eabi/lib/armv7-m\libc_nano.a(lib_a-memset.o)
                0x080087c0                memset
 .text.sscanf   0x080087d0       0x54 d:/program files (x86)/truestudio for arm 8.0.0/armtools/bin/../lib/gcc/arm-atollic-eabi/6.3.1/../../../../arm-atollic-eabi/lib/armv7-m\libc_nano.a(lib_a-sscanf.o)
                0x080087d0                siscanf
                0x080087d0                sscanf
 .text.__seofread
                0x08008824        0x4 d:/program files (x86)/truestudio for arm 8.0.0/armtools/bin/../lib/gcc/arm-atollic-eabi/6.3.1/../../../../arm-atollic-eabi/lib/armv7-m\libc_nano.a(lib_a-stdio.o)
                0x08008824                __seofread
 .text.strncmp  0x08008828       0x24 d:/program files (x86)/truestudio for arm 8.0.0/armtools/bin/../lib/gcc/arm-atollic-eabi/6.3.1/../../../../arm-atollic-eabi/lib/armv7-m\libc_nano.a(lib_a-strncmp.o)
                0x08008828                strncmp
 .text._sungetc_r
                0x0800884c       0x7a d:/program files (x86)/truestudio for arm 8.0.0/armtools/bin/../lib/gcc/arm-atollic-eabi/6.3.1/../../../../arm-atollic-eabi/lib/armv7-m\libc_nano.a(lib_a-nano-svfscanf.o)
                0x0800884c                _sungetc_r
 .text.__ssrefill_r
                0x080088c6       0x3a d:/program files (x86)/truestudio for arm 8.0.0/armtools/bin/../lib/gcc/arm-atollic-eabi/6.3.1/../../../../arm-atollic-eabi/lib/armv7-m\libc_nano.a(lib_a-nano-svfscanf.o)
                0x080088c6                __ssrefill_r
 .text.__ssvfscanf_r
                0x08008900      0x2a8 d:/program files (x86)/truestudio for arm 8.0.0/armtools/bin/../lib/gcc/arm-atollic-eabi/6.3.1/../../../../arm-atollic-eabi/lib/armv7-m\libc_nano.a(lib_a-nano-svfscanf.o)
                0x08008900                __ssvfiscanf_r
                0x08008900                __ssvfscanf_r
 .text._scanf_chars
                0x08008ba8       0xc6 d:/program files (x86)/truestudio for arm 8.0.0/armtools/bin/../lib/gcc/arm-atollic-eabi/6.3.1/../../../../arm-atollic-eabi/lib/armv7-m\libc_nano.a(lib_a-nano-vfscanf_i.o)
                0x08008ba8                _scanf_chars
 *fill*         0x08008c6e        0x2 
 .text._scanf_i
                0x08008c70      0x1ec d:/program files (x86)/truestudio for arm 8.0.0/armtools/bin/../lib/gcc/arm-atollic-eabi/6.3.1/../../../../arm-atollic-eabi/lib/armv7-m\libc_nano.a(lib_a-nano-vfscanf_i.o)
                0x08008c70                _scanf_i
 .text.__sccl   0x08008e5c       0x5e d:/program files (x86)/truestudio for arm 8.0.0/armtools/bin/../lib/gcc/arm-atollic-eabi/6.3.1/../../../../arm-atollic-eabi/lib/armv7-m\libc_nano.a(lib_a-sccl.o)
                0x08008e5c                __sccl
 .text._strtol_l.isra.0
                0x08008eba      0x100 d:/program files (x86)/truestudio for arm 8.0.0/armtools/bin/../lib/gcc/arm-atollic-eabi/6.3.1/../../../../arm-atollic-eabi/lib/armv7-m\libc_nano.a(lib_a-strtol.o)
 *fill*         0x08008fba        0x2 
 .text._strtol_r
                0x08008fbc       0x24 d:/program files (x86)/truestudio for arm 8.0.0/armtools/bin/../lib/gcc/arm-atollic-eabi/6.3.1/../../../../arm-atollic-eabi/lib/armv7-m\libc_nano.a(lib_a-strtol.o)
                0x08008fbc                _strtol_r
 .text._strtoul_l.isra.0
                0x08008fe0       0xfa d:/program files (x86)/truestudio for arm 8.0.0/armtools/bin/../lib/gcc/arm-atollic-eabi/6.3.1/../../../../arm-atollic-eabi/lib/armv7-m\libc_nano.a(lib_a-strtoul.o)
 *fill*         0x080090da        0x2 
 .text._strtoul_r
                0x080090dc       0x24 d:/program files (x86)/truestudio for arm 8.0.0/armtools/bin/../lib/gcc/arm-atollic-eabi/6.3.1/../../../../arm-atollic-eabi/lib/armv7-m\libc_nano.a(lib_a-strtoul.o)
                0x080090dc                _strtoul_r
 .text.__submore
                0x08009100       0x72 d:/program files (x86)/truestudio for arm 8.0.0/armtools/bin/../lib/gcc/arm-atollic-eabi/6.3.1/../../../../arm-atollic-eabi/lib/armv7-m\libc_nano.a(lib_a-ungetc.o)
                0x08009100                __submore
 .text.__locale_ctype_ptr_l
                0x08009172        0x6 d:/program files (x86)/truestudio for arm 8.0.0/armtools/bin/../lib/gcc/arm-atollic-eabi/6.3.1/../../../../arm-atollic-eabi/lib/armv7-m\libc_nano.a(lib_a-locale.o)
                0x08009172                __locale_ctype_ptr_l
 .text.__locale_ctype_ptr
                0x08009178       0x1c d:/program files (x86)/truestudio for arm 8.0.0/armtools/bin/../lib/gcc/arm-atollic-eabi/6.3.1/../../../../arm-atollic-eabi/lib/armv7-m\libc_nano.a(lib_a-locale.o)
                0x08009178                __locale_ctype_ptr
 .text.__ascii_mbtowc
                0x08009194       0x24 d:/program files (x86)/truestudio for arm 8.0.0/armtools/bin/../lib/gcc/arm-atollic-eabi/6.3.1/../../../../arm-atollic-eabi/lib/armv7-m\libc_nano.a(lib_a-mbtowc_r.o)
                0x08009194                __ascii_mbtowc
 .text.memchr   0x080091b8       0x1c d:/program files (x86)/truestudio for arm 8.0.0/armtools/bin/../lib/gcc/arm-atollic-eabi/6.3.1/../../../../arm-atollic-eabi/lib/armv7-m\libc_nano.a(lib_a-memchr-stub.o)
                0x080091b8                memchr
 .text.memcpy   0x080091d4       0x16 d:/program files (x86)/truestudio for arm 8.0.0/armtools/bin/../lib/gcc/arm-atollic-eabi/6.3.1/../../../../arm-atollic-eabi/lib/armv7-m\libc_nano.a(lib_a-memcpy-stub.o)
                0x080091d4                memcpy
 *fill*         0x080091ea        0x2 
 .text._free_r  0x080091ec       0x98 d:/program files (x86)/truestudio for arm 8.0.0/armtools/bin/../lib/gcc/arm-atollic-eabi/6.3.1/../../../../arm-atollic-eabi/lib/armv7-m\libc_nano.a(lib_a-nano-freer.o)
                0x080091ec                _free_r
 .text._malloc_r
                0x08009284       0xbc d:/program files (x86)/truestudio for arm 8.0.0/armtools/bin/../lib/gcc/arm-atollic-eabi/6.3.1/../../../../arm-atollic-eabi/lib/armv7-m\libc_nano.a(lib_a-nano-mallocr.o)
                0x08009284                _malloc_r
 .text._realloc_r
                0x08009340       0x4c d:/program files (x86)/truestudio for arm 8.0.0/armtools/bin/../lib/gcc/arm-atollic-eabi/6.3.1/../../../../arm-atollic-eabi/lib/armv7-m\libc_nano.a(lib_a-nano-reallocr.o)
                0x08009340                _realloc_r
 .text._sbrk_r  0x0800938c       0x20 d:/program files (x86)/truestudio for arm 8.0.0/armtools/bin/../lib/gcc/arm-atollic-eabi/6.3.1/../../../../arm-atollic-eabi/lib/armv7-m\libc_nano.a(lib_a-sbrkr.o)
                0x0800938c                _sbrk_r
 .text.__ascii_wctomb
                0x080093ac       0x1a d:/program files (x86)/truestudio for arm 8.0.0/armtools/bin/../lib/gcc/arm-atollic-eabi/6.3.1/../../../../arm-atollic-eabi/lib/armv7-m\libc_nano.a(lib_a-wctomb_r.o)
                0x080093ac                __ascii_wctomb
 .text.__malloc_lock
                0x080093c6        0x2 d:/program files (x86)/truestudio for arm 8.0.0/armtools/bin/../lib/gcc/arm-atollic-eabi/6.3.1/../../../../arm-atollic-eabi/lib/armv7-m\libc_nano.a(lib_a-mlock.o)
                0x080093c6                __malloc_lock
 .text.__malloc_unlock
                0x080093c8        0x2 d:/program files (x86)/truestudio for arm 8.0.0/armtools/bin/../lib/gcc/arm-atollic-eabi/6.3.1/../../../../arm-atollic-eabi/lib/armv7-m\libc_nano.a(lib_a-mlock.o)
                0x080093c8                __malloc_unlock
 .text._malloc_usable_size_r
                0x080093ca       0x12 d:/program files (x86)/truestudio for arm 8.0.0/armtools/bin/../lib/gcc/arm-atollic-eabi/6.3.1/../../../../arm-atollic-eabi/lib/armv7-m\libc_nano.a(lib_a-nano-msizer.o)
                0x080093ca                _malloc_usable_size_r
 .text._sbrk    0x080093dc       0x1c d:/program files (x86)/truestudio for arm 8.0.0/armtools/bin/../lib/gcc/arm-atollic-eabi/6.3.1/../../../../arm-atollic-eabi/lib/armv7-m\libnosys.a(sbrk.o)
                0x080093dc                _sbrk
 *(.glue_7)
 .glue_7        0x080093f8        0x0 linker stubs
 *(.glue_7t)
 .glue_7t       0x080093f8        0x0 linker stubs
 *(.eh_frame)
 .eh_frame      0x080093f8        0x0 d:/program files (x86)/truestudio for arm 8.0.0/armtools/bin/../lib/gcc/arm-atollic-eabi/6.3.1/armv7-m/crtbegin.o
 *(.init)
 .init          0x080093f8        0x4 d:/program files (x86)/truestudio for arm 8.0.0/armtools/bin/../lib/gcc/arm-atollic-eabi/6.3.1/armv7-m/crti.o
                0x080093f8                _init
 .init          0x080093fc        0x8 d:/program files (x86)/truestudio for arm 8.0.0/armtools/bin/../lib/gcc/arm-atollic-eabi/6.3.1/armv7-m/crtn.o
 *(.fini)
 .fini          0x08009404        0x4 d:/program files (x86)/truestudio for arm 8.0.0/armtools/bin/../lib/gcc/arm-atollic-eabi/6.3.1/armv7-m/crti.o
                0x08009404                _fini
 .fini          0x08009408        0x8 d:/program files (x86)/truestudio for arm 8.0.0/armtools/bin/../lib/gcc/arm-atollic-eabi/6.3.1/armv7-m/crtn.o
                0x08009410                . = ALIGN (0x4)
                0x08009410                _etext = .

.vfp11_veneer   0x08009410        0x0
 .vfp11_veneer  0x08009410        0x0 linker stubs

.v4_bx          0x08009410        0x0
 .v4_bx         0x08009410        0x0 linker stubs

.iplt           0x08009410        0x0
 .iplt          0x08009410        0x0 d:/program files (x86)/truestudio for arm 8.0.0/armtools/bin/../lib/gcc/arm-atollic-eabi/6.3.1/armv7-m/crtbegin.o

.rodata         0x08009410      0x694
                0x08009410                . = ALIGN (0x4)
 *(.rodata)
 .rodata        0x08009410       0xba LTEModule\BaseDriver\AT_Command_Parser.o
 *fill*         0x080094ca        0x2 
 .rodata        0x080094cc        0xf LTEModule\BaseDriver\ME3630_Uart.o
 *fill*         0x080094db        0x1 
 .rodata        0x080094dc       0x8f LTEModule\BaseDriver\ME_State_Control.o
 *fill*         0x0800956b        0x1 
 .rodata        0x0800956c       0x5f src\app.o
 *fill*         0x080095cb        0x1 
 .rodata        0x080095cc       0x2a uCOS-III\Source\os_core.o
 *fill*         0x080095f6        0x2 
 .rodata        0x080095f8       0x19 uCOS-III\Source\os_int.o
 *fill*         0x08009611        0x3 
 .rodata        0x08009614        0xa uCOS-III\Source\os_sem.o
 *fill*         0x0800961e        0x2 
 .rodata        0x08009620       0x14 uCOS-III\Source\os_stat.o
 .rodata        0x08009634        0xa uCOS-III\Source\os_task.o
 *fill*         0x0800963e        0x2 
 .rodata        0x08009640       0x14 uCOS-III\Source\os_tick.o
 .rodata        0x08009654       0x1d uCOS-III\Source\os_tmr.o
 *fill*         0x08009671        0x3 
 .rodata        0x08009674        0xc d:/program files (x86)/truestudio for arm 8.0.0/armtools/bin/../lib/gcc/arm-atollic-eabi/6.3.1/../../../../arm-atollic-eabi/lib/armv7-m\libc_nano.a(lib_a-nano-vfscanf_i.o)
 *(.rodata*)
 .rodata.APBAHBPrescTable
                0x08009680       0x10 BSP\ST\STM32\src\stm32f10x_rcc.o
 .rodata.ADCPrescTable
                0x08009690        0x4 BSP\ST\STM32\src\stm32f10x_rcc.o
 .rodata.sUart_base_info
                0x08009694       0x48 BSP\bsp_uart.o
                0x08009694                sUart_base_info
 .rodata.ATWaitEventHandler
                0x080096dc       0x5c LTEModule\BaseDriver\AT_Command_Parser.o
                0x080096dc                ATWaitEventHandler
 .rodata.OSCfg_IdleTaskStkBasePtr
                0x08009738        0x4 uCOS-III\Source\os_cfg_app.o
                0x08009738                OSCfg_IdleTaskStkBasePtr
 .rodata.OSCfg_IdleTaskStkLimit
                0x0800973c        0x4 uCOS-III\Source\os_cfg_app.o
                0x0800973c                OSCfg_IdleTaskStkLimit
 .rodata.OSCfg_IdleTaskStkSize
                0x08009740        0x4 uCOS-III\Source\os_cfg_app.o
                0x08009740                OSCfg_IdleTaskStkSize
 .rodata.OSCfg_IntQBasePtr
                0x08009744        0x4 uCOS-III\Source\os_cfg_app.o
                0x08009744                OSCfg_IntQBasePtr
 .rodata.OSCfg_IntQSize
                0x08009748        0x2 uCOS-III\Source\os_cfg_app.o
                0x08009748                OSCfg_IntQSize
 *fill*         0x0800974a        0x2 
 .rodata.OSCfg_IntQTaskStkBasePtr
                0x0800974c        0x4 uCOS-III\Source\os_cfg_app.o
                0x0800974c                OSCfg_IntQTaskStkBasePtr
 .rodata.OSCfg_IntQTaskStkLimit
                0x08009750        0x4 uCOS-III\Source\os_cfg_app.o
                0x08009750                OSCfg_IntQTaskStkLimit
 .rodata.OSCfg_IntQTaskStkSize
                0x08009754        0x4 uCOS-III\Source\os_cfg_app.o
                0x08009754                OSCfg_IntQTaskStkSize
 .rodata.OSCfg_ISRStkBasePtr
                0x08009758        0x4 uCOS-III\Source\os_cfg_app.o
                0x08009758                OSCfg_ISRStkBasePtr
 .rodata.OSCfg_ISRStkSize
                0x0800975c        0x4 uCOS-III\Source\os_cfg_app.o
                0x0800975c                OSCfg_ISRStkSize
 .rodata.OSCfg_MsgPoolSize
                0x08009760        0x2 uCOS-III\Source\os_cfg_app.o
                0x08009760                OSCfg_MsgPoolSize
 *fill*         0x08009762        0x2 
 .rodata.OSCfg_MsgPoolBasePtr
                0x08009764        0x4 uCOS-III\Source\os_cfg_app.o
                0x08009764                OSCfg_MsgPoolBasePtr
 .rodata.OSCfg_StatTaskPrio
                0x08009768        0x1 uCOS-III\Source\os_cfg_app.o
                0x08009768                OSCfg_StatTaskPrio
 *fill*         0x08009769        0x3 
 .rodata.OSCfg_StatTaskRate_Hz
                0x0800976c        0x4 uCOS-III\Source\os_cfg_app.o
                0x0800976c                OSCfg_StatTaskRate_Hz
 .rodata.OSCfg_StatTaskStkBasePtr
                0x08009770        0x4 uCOS-III\Source\os_cfg_app.o
                0x08009770                OSCfg_StatTaskStkBasePtr
 .rodata.OSCfg_StatTaskStkLimit
                0x08009774        0x4 uCOS-III\Source\os_cfg_app.o
                0x08009774                OSCfg_StatTaskStkLimit
 .rodata.OSCfg_StatTaskStkSize
                0x08009778        0x4 uCOS-III\Source\os_cfg_app.o
                0x08009778                OSCfg_StatTaskStkSize
 .rodata.OSCfg_StkSizeMin
                0x0800977c        0x4 uCOS-III\Source\os_cfg_app.o
                0x0800977c                OSCfg_StkSizeMin
 .rodata.OSCfg_TickRate_Hz
                0x08009780        0x4 uCOS-III\Source\os_cfg_app.o
                0x08009780                OSCfg_TickRate_Hz
 .rodata.OSCfg_TickTaskPrio
                0x08009784        0x1 uCOS-III\Source\os_cfg_app.o
                0x08009784                OSCfg_TickTaskPrio
 *fill*         0x08009785        0x3 
 .rodata.OSCfg_TickTaskStkBasePtr
                0x08009788        0x4 uCOS-III\Source\os_cfg_app.o
                0x08009788                OSCfg_TickTaskStkBasePtr
 .rodata.OSCfg_TickTaskStkLimit
                0x0800978c        0x4 uCOS-III\Source\os_cfg_app.o
                0x0800978c                OSCfg_TickTaskStkLimit
 .rodata.OSCfg_TickTaskStkSize
                0x08009790        0x4 uCOS-III\Source\os_cfg_app.o
                0x08009790                OSCfg_TickTaskStkSize
 .rodata.OSCfg_TickWheelSize
                0x08009794        0x2 uCOS-III\Source\os_cfg_app.o
                0x08009794                OSCfg_TickWheelSize
 .rodata.OSCfg_TmrTaskPrio
                0x08009796        0x1 uCOS-III\Source\os_cfg_app.o
                0x08009796                OSCfg_TmrTaskPrio
 *fill*         0x08009797        0x1 
 .rodata.OSCfg_TmrTaskRate_Hz
                0x08009798        0x4 uCOS-III\Source\os_cfg_app.o
                0x08009798                OSCfg_TmrTaskRate_Hz
 .rodata.OSCfg_TmrTaskStkBasePtr
                0x0800979c        0x4 uCOS-III\Source\os_cfg_app.o
                0x0800979c                OSCfg_TmrTaskStkBasePtr
 .rodata.OSCfg_TmrTaskStkLimit
                0x080097a0        0x4 uCOS-III\Source\os_cfg_app.o
                0x080097a0                OSCfg_TmrTaskStkLimit
 .rodata.OSCfg_TmrTaskStkSize
                0x080097a4        0x4 uCOS-III\Source\os_cfg_app.o
                0x080097a4                OSCfg_TmrTaskStkSize
 .rodata.OSCfg_TmrWheelSize
                0x080097a8        0x2 uCOS-III\Source\os_cfg_app.o
                0x080097a8                OSCfg_TmrWheelSize
 .rodata.OSDbg_DbgEn
                0x080097aa        0x1 uCOS-III\Source\os_dbg.o
                0x080097aa                OSDbg_DbgEn
 .rodata.OSDbg_ArgChkEn
                0x080097ab        0x1 uCOS-III\Source\os_dbg.o
                0x080097ab                OSDbg_ArgChkEn
 .rodata.OSDbg_AppHooksEn
                0x080097ac        0x1 uCOS-III\Source\os_dbg.o
                0x080097ac                OSDbg_AppHooksEn
 *fill*         0x080097ad        0x3 
 .rodata.OSDbg_EndiannessTest
                0x080097b0        0x4 uCOS-III\Source\os_dbg.o
                0x080097b0                OSDbg_EndiannessTest
 .rodata.OSDbg_CalledFromISRChkEn
                0x080097b4        0x1 uCOS-III\Source\os_dbg.o
                0x080097b4                OSDbg_CalledFromISRChkEn
 .rodata.OSDbg_FlagEn
                0x080097b5        0x1 uCOS-III\Source\os_dbg.o
                0x080097b5                OSDbg_FlagEn
 *fill*         0x080097b6        0x2 
 .rodata.OSDbg_FlagGrp
                0x080097b8       0x28 uCOS-III\Source\os_dbg.o
                0x080097b8                OSDbg_FlagGrp
 .rodata.OSDbg_FlagDelEn
                0x080097e0        0x1 uCOS-III\Source\os_dbg.o
                0x080097e0                OSDbg_FlagDelEn
 .rodata.OSDbg_FlagModeClrEn
                0x080097e1        0x1 uCOS-III\Source\os_dbg.o
                0x080097e1                OSDbg_FlagModeClrEn
 .rodata.OSDbg_FlagPendAbortEn
                0x080097e2        0x1 uCOS-III\Source\os_dbg.o
                0x080097e2                OSDbg_FlagPendAbortEn
 *fill*         0x080097e3        0x1 
 .rodata.OSDbg_FlagGrpSize
                0x080097e4        0x2 uCOS-III\Source\os_dbg.o
                0x080097e4                OSDbg_FlagGrpSize
 .rodata.OSDbg_FlagWidth
                0x080097e6        0x2 uCOS-III\Source\os_dbg.o
                0x080097e6                OSDbg_FlagWidth
 .rodata.OSDbg_IntQ
                0x080097e8        0x2 uCOS-III\Source\os_dbg.o
                0x080097e8                OSDbg_IntQ
 .rodata.OSDbg_ISRPostDeferredEn
                0x080097ea        0x1 uCOS-III\Source\os_dbg.o
                0x080097ea                OSDbg_ISRPostDeferredEn
 *fill*         0x080097eb        0x1 
 .rodata.OSDbg_Mem
                0x080097ec       0x20 uCOS-III\Source\os_dbg.o
                0x080097ec                OSDbg_Mem
 .rodata.OSDbg_MemEn
                0x0800980c        0x1 uCOS-III\Source\os_dbg.o
                0x0800980c                OSDbg_MemEn
 *fill*         0x0800980d        0x1 
 .rodata.OSDbg_MemSize
                0x0800980e        0x2 uCOS-III\Source\os_dbg.o
                0x0800980e                OSDbg_MemSize
 .rodata.OSDbg_MsgEn
                0x08009810        0x1 uCOS-III\Source\os_dbg.o
                0x08009810                OSDbg_MsgEn
 *fill*         0x08009811        0x1 
 .rodata.OSDbg_MsgSize
                0x08009812        0x2 uCOS-III\Source\os_dbg.o
                0x08009812                OSDbg_MsgSize
 .rodata.OSDbg_MsgPoolSize
                0x08009814        0x2 uCOS-III\Source\os_dbg.o
                0x08009814                OSDbg_MsgPoolSize
 .rodata.OSDbg_MsgQSize
                0x08009816        0x2 uCOS-III\Source\os_dbg.o
                0x08009816                OSDbg_MsgQSize
 .rodata.OSDbg_Mutex
                0x08009818       0x2c uCOS-III\Source\os_dbg.o
                0x08009818                OSDbg_Mutex
 .rodata.OSDbg_MutexEn
                0x08009844        0x1 uCOS-III\Source\os_dbg.o
                0x08009844                OSDbg_MutexEn
 .rodata.OSDbg_MutexDelEn
                0x08009845        0x1 uCOS-III\Source\os_dbg.o
                0x08009845                OSDbg_MutexDelEn
 .rodata.OSDbg_MutexPendAbortEn
                0x08009846        0x1 uCOS-III\Source\os_dbg.o
                0x08009846                OSDbg_MutexPendAbortEn
 *fill*         0x08009847        0x1 
 .rodata.OSDbg_MutexSize
                0x08009848        0x2 uCOS-III\Source\os_dbg.o
                0x08009848                OSDbg_MutexSize
 .rodata.OSDbg_ObjTypeChkEn
                0x0800984a        0x1 uCOS-III\Source\os_dbg.o
                0x0800984a                OSDbg_ObjTypeChkEn
 .rodata.OSDbg_PendMultiEn
                0x0800984b        0x1 uCOS-III\Source\os_dbg.o
                0x0800984b                OSDbg_PendMultiEn
 .rodata.OSDbg_PendDataSize
                0x0800984c        0x2 uCOS-III\Source\os_dbg.o
                0x0800984c                OSDbg_PendDataSize
 .rodata.OSDbg_PendListSize
                0x0800984e        0x2 uCOS-III\Source\os_dbg.o
                0x0800984e                OSDbg_PendListSize
 .rodata.OSDbg_PendObjSize
                0x08009850        0x2 uCOS-III\Source\os_dbg.o
                0x08009850                OSDbg_PendObjSize
 .rodata.OSDbg_PrioMax
                0x08009852        0x2 uCOS-III\Source\os_dbg.o
                0x08009852                OSDbg_PrioMax
 .rodata.OSDbg_PrioTblSize
                0x08009854        0x2 uCOS-III\Source\os_dbg.o
                0x08009854                OSDbg_PrioTblSize
 .rodata.OSDbg_PtrSize
                0x08009856        0x2 uCOS-III\Source\os_dbg.o
                0x08009856                OSDbg_PtrSize
 .rodata.OSDbg_Q
                0x08009858       0x30 uCOS-III\Source\os_dbg.o
                0x08009858                OSDbg_Q
 .rodata.OSDbg_QEn
                0x08009888        0x1 uCOS-III\Source\os_dbg.o
                0x08009888                OSDbg_QEn
 .rodata.OSDbg_QDelEn
                0x08009889        0x1 uCOS-III\Source\os_dbg.o
                0x08009889                OSDbg_QDelEn
 .rodata.OSDbg_QFlushEn
                0x0800988a        0x1 uCOS-III\Source\os_dbg.o
                0x0800988a                OSDbg_QFlushEn
 .rodata.OSDbg_QPendAbortEn
                0x0800988b        0x1 uCOS-III\Source\os_dbg.o
                0x0800988b                OSDbg_QPendAbortEn
 .rodata.OSDbg_QSize
                0x0800988c        0x2 uCOS-III\Source\os_dbg.o
                0x0800988c                OSDbg_QSize
 .rodata.OSDbg_SchedRoundRobinEn
                0x0800988e        0x1 uCOS-III\Source\os_dbg.o
                0x0800988e                OSDbg_SchedRoundRobinEn
 *fill*         0x0800988f        0x1 
 .rodata.OSDbg_Sem
                0x08009890       0x28 uCOS-III\Source\os_dbg.o
                0x08009890                OSDbg_Sem
 .rodata.OSDbg_SemEn
                0x080098b8        0x1 uCOS-III\Source\os_dbg.o
                0x080098b8                OSDbg_SemEn
 .rodata.OSDbg_SemDelEn
                0x080098b9        0x1 uCOS-III\Source\os_dbg.o
                0x080098b9                OSDbg_SemDelEn
 .rodata.OSDbg_SemPendAbortEn
                0x080098ba        0x1 uCOS-III\Source\os_dbg.o
                0x080098ba                OSDbg_SemPendAbortEn
 .rodata.OSDbg_SemSetEn
                0x080098bb        0x1 uCOS-III\Source\os_dbg.o
                0x080098bb                OSDbg_SemSetEn
 .rodata.OSDbg_SemSize
                0x080098bc        0x2 uCOS-III\Source\os_dbg.o
                0x080098bc                OSDbg_SemSize
 .rodata.OSDbg_RdyList
                0x080098be        0x2 uCOS-III\Source\os_dbg.o
                0x080098be                OSDbg_RdyList
 .rodata.OSDbg_RdyListSize
                0x080098c0        0x4 uCOS-III\Source\os_dbg.o
                0x080098c0                OSDbg_RdyListSize
 .rodata.OSDbg_StkWidth
                0x080098c4        0x1 uCOS-III\Source\os_dbg.o
                0x080098c4                OSDbg_StkWidth
 .rodata.OSDbg_StatTaskEn
                0x080098c5        0x1 uCOS-III\Source\os_dbg.o
                0x080098c5                OSDbg_StatTaskEn
 .rodata.OSDbg_StatTaskStkChkEn
                0x080098c6        0x1 uCOS-III\Source\os_dbg.o
                0x080098c6                OSDbg_StatTaskStkChkEn
 .rodata.OSDbg_TaskChangePrioEn
                0x080098c7        0x1 uCOS-III\Source\os_dbg.o
                0x080098c7                OSDbg_TaskChangePrioEn
 .rodata.OSDbg_TaskDelEn
                0x080098c8        0x1 uCOS-III\Source\os_dbg.o
                0x080098c8                OSDbg_TaskDelEn
 .rodata.OSDbg_TaskQEn
                0x080098c9        0x1 uCOS-III\Source\os_dbg.o
                0x080098c9                OSDbg_TaskQEn
 .rodata.OSDbg_TaskQPendAbortEn
                0x080098ca        0x1 uCOS-III\Source\os_dbg.o
                0x080098ca                OSDbg_TaskQPendAbortEn
 .rodata.OSDbg_TaskProfileEn
                0x080098cb        0x1 uCOS-III\Source\os_dbg.o
                0x080098cb                OSDbg_TaskProfileEn
 .rodata.OSDbg_TaskRegTblSize
                0x080098cc        0x2 uCOS-III\Source\os_dbg.o
                0x080098cc                OSDbg_TaskRegTblSize
 .rodata.OSDbg_TaskSemPendAbortEn
                0x080098ce        0x1 uCOS-III\Source\os_dbg.o
                0x080098ce                OSDbg_TaskSemPendAbortEn
 .rodata.OSDbg_TaskSuspendEn
                0x080098cf        0x1 uCOS-III\Source\os_dbg.o
                0x080098cf                OSDbg_TaskSuspendEn
 .rodata.OSDbg_TCBSize
                0x080098d0        0x2 uCOS-III\Source\os_dbg.o
                0x080098d0                OSDbg_TCBSize
 .rodata.OSDbg_TickSpokeSize
                0x080098d2        0x2 uCOS-III\Source\os_dbg.o
                0x080098d2                OSDbg_TickSpokeSize
 .rodata.OSDbg_TimeDlyHMSMEn
                0x080098d4        0x1 uCOS-III\Source\os_dbg.o
                0x080098d4                OSDbg_TimeDlyHMSMEn
 .rodata.OSDbg_TimeDlyResumeEn
                0x080098d5        0x1 uCOS-III\Source\os_dbg.o
                0x080098d5                OSDbg_TimeDlyResumeEn
 *fill*         0x080098d6        0x2 
 .rodata.OSDbg_Tmr
                0x080098d8       0x34 uCOS-III\Source\os_dbg.o
                0x080098d8                OSDbg_Tmr
 .rodata.OSDbg_TmrEn
                0x0800990c        0x1 uCOS-III\Source\os_dbg.o
                0x0800990c                OSDbg_TmrEn
 .rodata.OSDbg_TmrDelEn
                0x0800990d        0x1 uCOS-III\Source\os_dbg.o
                0x0800990d                OSDbg_TmrDelEn
 .rodata.OSDbg_TmrSize
                0x0800990e        0x2 uCOS-III\Source\os_dbg.o
                0x0800990e                OSDbg_TmrSize
 .rodata.OSDbg_TmrSpokeSize
                0x08009910        0x2 uCOS-III\Source\os_dbg.o
                0x08009910                OSDbg_TmrSpokeSize
 .rodata.OSDbg_VersionNbr
                0x08009912        0x2 uCOS-III\Source\os_dbg.o
                0x08009912                OSDbg_VersionNbr
 .rodata.OSDbg_DataSize
                0x08009914        0x4 uCOS-III\Source\os_dbg.o
                0x08009914                OSDbg_DataSize
 .rodata.__ssvfscanf_r.str1.1
                0x08009918        0x4 d:/program files (x86)/truestudio for arm 8.0.0/armtools/bin/../lib/gcc/arm-atollic-eabi/6.3.1/../../../../arm-atollic-eabi/lib/armv7-m\libc_nano.a(lib_a-nano-svfscanf.o)
 .rodata._scanf_i.str1.1
                0x0800991c       0x12 d:/program files (x86)/truestudio for arm 8.0.0/armtools/bin/../lib/gcc/arm-atollic-eabi/6.3.1/../../../../arm-atollic-eabi/lib/armv7-m\libc_nano.a(lib_a-nano-vfscanf_i.o)
 .rodata.str1.1
                0x0800992e        0x9 d:/program files (x86)/truestudio for arm 8.0.0/armtools/bin/../lib/gcc/arm-atollic-eabi/6.3.1/../../../../arm-atollic-eabi/lib/armv7-m\libc_nano.a(lib_a-nano-vfscanf_i.o)
 *fill*         0x08009937        0x1 
 .rodata.__sf_fake_stderr
                0x08009938       0x20 d:/program files (x86)/truestudio for arm 8.0.0/armtools/bin/../lib/gcc/arm-atollic-eabi/6.3.1/../../../../arm-atollic-eabi/lib/armv7-m\libc_nano.a(lib_a-findfp.o)
                0x08009938                __sf_fake_stderr
 .rodata.__sf_fake_stdin
                0x08009958       0x20 d:/program files (x86)/truestudio for arm 8.0.0/armtools/bin/../lib/gcc/arm-atollic-eabi/6.3.1/../../../../arm-atollic-eabi/lib/armv7-m\libc_nano.a(lib_a-findfp.o)
                0x08009958                __sf_fake_stdin
 .rodata.__sf_fake_stdout
                0x08009978       0x20 d:/program files (x86)/truestudio for arm 8.0.0/armtools/bin/../lib/gcc/arm-atollic-eabi/6.3.1/../../../../arm-atollic-eabi/lib/armv7-m\libc_nano.a(lib_a-findfp.o)
                0x08009978                __sf_fake_stdout
 .rodata._setlocale_r.str1.1
                0x08009998        0x8 d:/program files (x86)/truestudio for arm 8.0.0/armtools/bin/../lib/gcc/arm-atollic-eabi/6.3.1/../../../../arm-atollic-eabi/lib/armv7-m\libc_nano.a(lib_a-locale.o)
                                  0x9 (size before relaxing)
 .rodata.str1.1
                0x080099a0        0x2 d:/program files (x86)/truestudio for arm 8.0.0/armtools/bin/../lib/gcc/arm-atollic-eabi/6.3.1/../../../../arm-atollic-eabi/lib/armv7-m\libc_nano.a(lib_a-locale.o)
 .rodata._ctype_
                0x080099a2      0x101 d:/program files (x86)/truestudio for arm 8.0.0/armtools/bin/../lib/gcc/arm-atollic-eabi/6.3.1/../../../../arm-atollic-eabi/lib/armv7-m\libc_nano.a(lib_a-ctype_.o)
                0x080099a2                _ctype_
                0x08009aa4                . = ALIGN (0x4)
 *fill*         0x08009aa3        0x1 

.rel.dyn        0x08009aa4        0x0
 .rel.iplt      0x08009aa4        0x0 d:/program files (x86)/truestudio for arm 8.0.0/armtools/bin/../lib/gcc/arm-atollic-eabi/6.3.1/armv7-m/crtbegin.o

.ARM.extab
 *(.ARM.extab* .gnu.linkonce.armextab.*)

.ARM            0x08009aa4        0x0
                0x08009aa4                __exidx_start = .
 *(.ARM.exidx*)
                0x08009aa4                __exidx_end = .

.preinit_array  0x08009aa4        0x0
                0x08009aa4                PROVIDE (__preinit_array_start, .)
 *(.preinit_array*)
                0x08009aa4                PROVIDE (__preinit_array_end, .)

.init_array     0x08009aa4        0x4
                0x08009aa4                PROVIDE (__init_array_start, .)
 *(SORT(.init_array.*))
 *(.init_array*)
 .init_array    0x08009aa4        0x4 d:/program files (x86)/truestudio for arm 8.0.0/armtools/bin/../lib/gcc/arm-atollic-eabi/6.3.1/armv7-m/crtbegin.o
                0x08009aa8                PROVIDE (__init_array_end, .)

.fini_array     0x08009aa8        0x4
                [!provide]                PROVIDE (__fini_array_start, .)
 *(SORT(.fini_array.*))
 *(.fini_array*)
 .fini_array    0x08009aa8        0x4 d:/program files (x86)/truestudio for arm 8.0.0/armtools/bin/../lib/gcc/arm-atollic-eabi/6.3.1/armv7-m/crtbegin.o
                [!provide]                PROVIDE (__fini_array_end, .)
                0x08009aac                _sidata = LOADADDR (.data)

.data           0x20000000      0x1dc load address 0x08009aac
                0x20000000                . = ALIGN (0x4)
                0x20000000                _sdata = .
 *(.data)
 *(.data*)
 .data.Uart2_Paramer
                0x20000000        0x8 LTEModule\BaseDriver\ME3630_Uart.o
                0x20000000                Uart2_Paramer
 .data.p_ziprecv
                0x20000008        0x4 LTEModule\BaseDriver\ME3630_Uart.o
                0x20000008                p_ziprecv
 .data._impure_ptr
                0x2000000c        0x4 d:/program files (x86)/truestudio for arm 8.0.0/armtools/bin/../lib/gcc/arm-atollic-eabi/6.3.1/../../../../arm-atollic-eabi/lib/armv7-m\libc_nano.a(lib_a-impure.o)
                0x2000000c                _impure_ptr
 .data.impure_data
                0x20000010       0x60 d:/program files (x86)/truestudio for arm 8.0.0/armtools/bin/../lib/gcc/arm-atollic-eabi/6.3.1/../../../../arm-atollic-eabi/lib/armv7-m\libc_nano.a(lib_a-impure.o)
 .data.__global_locale
                0x20000070      0x16c d:/program files (x86)/truestudio for arm 8.0.0/armtools/bin/../lib/gcc/arm-atollic-eabi/6.3.1/../../../../arm-atollic-eabi/lib/armv7-m\libc_nano.a(lib_a-locale.o)
                0x20000070                __global_locale
                0x200001dc                . = ALIGN (0x4)
                0x200001dc                _edata = .

.igot.plt       0x200001dc        0x0 load address 0x08009c88
 .igot.plt      0x200001dc        0x0 d:/program files (x86)/truestudio for arm 8.0.0/armtools/bin/../lib/gcc/arm-atollic-eabi/6.3.1/armv7-m/crtbegin.o
                0x200001dc                . = ALIGN (0x4)

.bss            0x200001dc     0x5458 load address 0x08009c88
                0x200001dc                _sbss = .
                0x200001dc                __bss_start__ = _sbss
 *(.bss)
 .bss           0x200001dc       0x1c d:/program files (x86)/truestudio for arm 8.0.0/armtools/bin/../lib/gcc/arm-atollic-eabi/6.3.1/armv7-m/crtbegin.o
 *(.bss*)
 .bss.BSP_IntVectTbl
                0x200001f8      0x110 BSP\bsp_int.o
 .bss.cnt.9289  0x20000308        0x1 LTEModule\BaseDriver\AT_Command_Parser.o
 .bss.cnt.9298  0x20000309        0x1 LTEModule\BaseDriver\AT_Command_Parser.o
 .bss.log_on.9299
                0x2000030a        0x1 LTEModule\BaseDriver\AT_Command_Parser.o
 .bss.cnt.9305  0x2000030b        0x1 LTEModule\BaseDriver\AT_Command_Parser.o
 .bss.code.9304
                0x2000030c        0x1 LTEModule\BaseDriver\AT_Command_Parser.o
 .bss.cnt.9334  0x2000030d        0x1 LTEModule\BaseDriver\AT_Command_Parser.o
 .bss.cnt.9348  0x2000030e        0x1 LTEModule\BaseDriver\AT_Command_Parser.o
 *fill*         0x2000030f        0x1 
 .bss.state.9347
                0x20000310        0x4 LTEModule\BaseDriver\AT_Command_Parser.o
 .bss.cnt.9360  0x20000314        0x1 LTEModule\BaseDriver\AT_Command_Parser.o
 *fill*         0x20000315        0x3 
 .bss.status.9359
                0x20000318        0x4 LTEModule\BaseDriver\AT_Command_Parser.o
 .bss.TryNum.9229
                0x2000031c        0x1 LTEModule\BaseDriver\ME_State_Control.o
 .bss.TryNum.9238
                0x2000031d        0x1 LTEModule\BaseDriver\ME_State_Control.o
 *fill*         0x2000031e        0x2 
 .bss.AppSem    0x20000320       0x28 src\app.o
 .bss.AppTaskStartTCB
                0x20000348       0xc8 src\app.o
 .bss.AppTaskStartStk
                0x20000410      0x200 src\app.o
 .bss.AppTaskMERunStk
                0x20000610      0x200 src\app.o
 .bss.AppTaskMETimeTCB
                0x20000810       0xc8 src\app.o
 .bss.AppTaskMETimeStk
                0x200008d8      0x200 src\app.o
 .bss.AppTaskUart2Stk
                0x20000ad8      0x200 src\app.o
 .bss.__malloc_free_list
                0x20000cd8        0x4 d:/program files (x86)/truestudio for arm 8.0.0/armtools/bin/../lib/gcc/arm-atollic-eabi/6.3.1/../../../../arm-atollic-eabi/lib/armv7-m\libc_nano.a(lib_a-nano-mallocr.o)
                0x20000cd8                __malloc_free_list
 .bss.__malloc_sbrk_start
                0x20000cdc        0x4 d:/program files (x86)/truestudio for arm 8.0.0/armtools/bin/../lib/gcc/arm-atollic-eabi/6.3.1/../../../../arm-atollic-eabi/lib/armv7-m\libc_nano.a(lib_a-nano-mallocr.o)
                0x20000cdc                __malloc_sbrk_start
 .bss.heap_end.4116
                0x20000ce0        0x4 d:/program files (x86)/truestudio for arm 8.0.0/armtools/bin/../lib/gcc/arm-atollic-eabi/6.3.1/../../../../arm-atollic-eabi/lib/armv7-m\libnosys.a(sbrk.o)
 *(COMMON)
 COMMON         0x20000ce4        0x4 BSP\bsp.o
                0x20000ce4                BSP_CPU_ClkFreq_MHz
 COMMON         0x20000ce8     0x273c BSP\bsp_uart.o
                0x20000ce8                com4SendBuff
                0x20001108                com1SendBuff
                0x20001528                uartMem
                0x200015ac                com2SendBuff
                0x200019cc                com1ReciveBuff
                0x200021cc                Uart4Tcb
                0x20002294                com2ReciveBuff
                0x20002a94                Uart2Tcb
                0x20002b5c                Uart1Tcb
                0x20002c24                com4ReciveBuff
 COMMON         0x20003424      0x608 LTEModule\BaseDriver\ME3630_Uart.o
                0x20003424                MEReciveBuff
                0x20003624                TCPDataBuff
                0x20003a24                MEReciveDataLen
                0x20003a28                TCPDataLen
 COMMON         0x20003a2c       0xfc LTEModule\BaseDriver\ME_State_Control.o
                0x20003a2c                MERunMem
                0x20003a60                AppTaskMERunTCB
 COMMON         0x20003b28       0x30 uC-CPU\cpu_core.o
                0x20003b28                CPU_IntDisMeasMax_cnts
                0x20003b2c                CPU_TS_TmrFreq_Hz
                0x20003b30                CPU_IntDisMeasStart_cnts
                0x20003b34                CPU_IntDisNestCtr
                0x20003b38                CPU_IntDisMeasStop_cnts
                0x20003b3c                CPU_IntDisMeasMaxCur_cnts
                0x20003b40                CPU_IntDisMeasCtr
                0x20003b44                CPU_IntDisMeasOvrhd_cnts
                0x20003b48                CPU_Name
 COMMON         0x20003b58        0x4 uCOS-III\Ports\ARM-Cortex-M3\Generic\GNU\os_cpu_c.o
                0x20003b58                OS_CPU_ExceptStkBase
 COMMON         0x20003b5c     0x1490 uCOS-III\Source\os_cfg_app.o
                0x20003b5c                OSCfg_IntQTaskStk
                0x20003d5c                OSCfg_StatTaskStk
                0x20003f5c                OSCfg_TickWheel
                0x20003fe4                OSCfg_MsgPool
                0x20004624                OSCfg_TmrTaskStk
                0x20004824                OSCfg_TmrWheel
                0x200048ac                OSCfg_ISRStk
                0x20004aac                OSCfg_TickTaskStk
                0x20004cac                OSCfg_IntQ
                0x20004dec                OSCfg_IdleTaskStk
 COMMON         0x20004fec        0x4 uCOS-III\Source\os_prio.o
                0x20004fec                OSPrioTbl
 COMMON         0x20004ff0      0x640 uCOS-III\Source\os_var.o
                0x20004ff0                OSSchedLockNestingCtr
                0x20004ff4                OS_AppTaskReturnHookPtr
                0x20004ff8                OSStatTaskTimeMax
                0x20004ffc                OSStatTaskCtr
                0x20005000                OSTaskRegNextAvailID
                0x20005001                OSRunning
                0x20005004                OSRdyList
                0x20005184                OSIntQInPtr
                0x20005188                OSPrioHighRdy
                0x20005189                OSStatTaskRdy
                0x2000518c                OSSemDbgListPtr
                0x20005190                OS_AppTaskCreateHookPtr
                0x20005194                OSPrioCur
                0x20005198                OSTickTaskTCB
                0x20005260                OSIntQTaskTimeMax
                0x20005264                OSTmrTickCtr
                0x20005268                OSSchedLockTimeBegin
                0x2000526c                OSTCBCurPtr
                0x20005270                OSQQty
                0x20005272                OSStatTaskCPUUsageMax
                0x20005274                OSIntQNbrEntriesMax
                0x20005276                OSPrioSaved
                0x20005278                OSTCBHighRdyPtr
                0x2000527c                OSSchedLockTimeMaxCur
                0x20005280                OSTaskDbgListPtr
                0x20005284                OSTmrTaskTimeMax
                0x20005288                OS_AppTaskDelHookPtr
                0x2000528c                OS_AppTimeTickHookPtr
                0x20005290                OSStatTaskCPUUsage
                0x20005294                OSTaskCtxSwCtr
                0x20005298                OSIntNestingCtr
                0x2000529a                OSTaskQty
                0x2000529c                OSTmrTaskTCB
                0x20005364                OSMsgPool
                0x20005370                OSIntQOutPtr
                0x20005374                OSIdleTaskTCB
                0x2000543c                OSQDbgListPtr
                0x20005440                OSIntQTaskTCB
                0x20005508                OSSemQty
                0x2000550c                OSMemDbgListPtr
                0x20005510                OSSchedRoundRobinDfltTimeQuanta
                0x20005514                OS_AppIdleTaskHookPtr
                0x20005518                OSStatTaskCtrMax
                0x2000551c                OSTickCtr
                0x20005520                OS_AppTaskSwHookPtr
                0x20005524                OSTmrQty
                0x20005528                OSIntDisTimeMax
                0x2000552c                OSIdleTaskCtr
                0x20005530                OSStatTaskCtrRun
                0x20005534                OS_AppStatTaskHookPtr
                0x20005538                OSFlagQty
                0x2000553a                OSIntQOvfCtr
                0x2000553c                OSFlagDbgListPtr
                0x20005540                OSSchedLockTimeMax
                0x20005544                OSStatResetFlag
                0x20005546                OSMemQty
                0x20005548                OSMutexQty
                0x2000554c                OSStatTaskTCB
                0x20005614                OSTmrDbgListPtr
                0x20005618                OSTickTaskTimeMax
                0x2000561c                OSTmrUpdateCnt
                0x20005620                OSSchedRoundRobinEn
                0x20005624                OSMutexDbgListPtr
                0x20005628                OSIntQNbrEntries
                0x2000562c                OSTmrUpdateCtr
 COMMON         0x20005630        0x4 d:/program files (x86)/truestudio for arm 8.0.0/armtools/bin/../lib/gcc/arm-atollic-eabi/6.3.1/../../../../arm-atollic-eabi/lib/armv7-m\libc_nano.a(lib_a-reent.o)
                0x20005630                errno
                0x20005634                . = ALIGN (0x4)
                0x20005634                _ebss = .
                0x20005634                __bss_end__ = _ebss

._user_heap_stack
                0x20005634      0x200 load address 0x08009c88
                0x20005634                . = ALIGN (0x4)
                0x20005634                PROVIDE (end, .)
                [!provide]                PROVIDE (_end, .)
                0x20005634                . = (. + _Min_Heap_Size)
                0x20005834                . = (. + _Min_Stack_Size)
 *fill*         0x20005634      0x200 
                0x20005834                . = ALIGN (0x4)

.memory_b1_text
 *(.mb1text)
 *(.mb1text*)
 *(.mb1rodata)
 *(.mb1rodata*)

/DISCARD/
 libc.a(*)
 libm.a(*)
 libgcc.a(*)

.ARM.attributes
                0x00000000       0x29
 *(.ARM.attributes)
 .ARM.attributes
                0x00000000       0x1d d:/program files (x86)/truestudio for arm 8.0.0/armtools/bin/../lib/gcc/arm-atollic-eabi/6.3.1/armv7-m/crti.o
 .ARM.attributes
                0x0000001d       0x2d d:/program files (x86)/truestudio for arm 8.0.0/armtools/bin/../lib/gcc/arm-atollic-eabi/6.3.1/armv7-m/crtbegin.o
 .ARM.attributes
                0x0000004a       0x33 BSP\ST\STM32\src\stm32f10x_flash.o
 .ARM.attributes
                0x0000007d       0x33 BSP\ST\STM32\src\stm32f10x_gpio.o
 .ARM.attributes
                0x000000b0       0x33 BSP\ST\STM32\src\stm32f10x_nvic.o
 .ARM.attributes
                0x000000e3       0x33 BSP\ST\STM32\src\stm32f10x_rcc.o
 .ARM.attributes
                0x00000116       0x21 BSP\TrueSTUDIO\cstartup.o
 .ARM.attributes
                0x00000137       0x33 BSP\bsp.o
 .ARM.attributes
                0x0000016a       0x33 BSP\bsp_int.o
 .ARM.attributes
                0x0000019d       0x33 BSP\bsp_save\bsp_chip_save.o
 .ARM.attributes
                0x000001d0       0x33 BSP\bsp_uart.o
 .ARM.attributes
                0x00000203       0x33 LTEModule\BaseDriver\AT_Command_Parser.o
 .ARM.attributes
                0x00000236       0x33 LTEModule\BaseDriver\ME3630_Uart.o
 .ARM.attributes
                0x00000269       0x33 LTEModule\BaseDriver\ME_State_Control.o
 .ARM.attributes
                0x0000029c       0x33 src\app.o
 .ARM.attributes
                0x000002cf       0x33 src\tiny_printf.o
 .ARM.attributes
                0x00000302       0x21 uC-CPU\ARM-Cortex-M3\GNU\cpu_a.o
 .ARM.attributes
                0x00000323       0x33 uC-CPU\ARM-Cortex-M3\GNU\cpu_c.o
 .ARM.attributes
                0x00000356       0x33 uC-CPU\cpu_core.o
 .ARM.attributes
                0x00000389       0x33 uC-LIB\lib_fifo.o
 .ARM.attributes
                0x000003bc       0x33 uC-LIB\lib_mem.o
 .ARM.attributes
                0x000003ef       0x21 uCOS-III\Ports\ARM-Cortex-M3\Generic\GNU\os_cpu_a.o
 .ARM.attributes
                0x00000410       0x33 uCOS-III\Ports\ARM-Cortex-M3\Generic\GNU\os_cpu_c.o
 .ARM.attributes
                0x00000443       0x33 uCOS-III\Source\os_cfg_app.o
 .ARM.attributes
                0x00000476       0x33 uCOS-III\Source\os_core.o
 .ARM.attributes
                0x000004a9       0x33 uCOS-III\Source\os_dbg.o
 .ARM.attributes
                0x000004dc       0x33 uCOS-III\Source\os_flag.o
 .ARM.attributes
                0x0000050f       0x33 uCOS-III\Source\os_int.o
 .ARM.attributes
                0x00000542       0x33 uCOS-III\Source\os_mem.o
 .ARM.attributes
                0x00000575       0x33 uCOS-III\Source\os_msg.o
 .ARM.attributes
                0x000005a8       0x33 uCOS-III\Source\os_mutex.o
 .ARM.attributes
                0x000005db       0x33 uCOS-III\Source\os_prio.o
 .ARM.attributes
                0x0000060e       0x33 uCOS-III\Source\os_q.o
 .ARM.attributes
                0x00000641       0x33 uCOS-III\Source\os_sem.o
 .ARM.attributes
                0x00000674       0x33 uCOS-III\Source\os_stat.o
 .ARM.attributes
                0x000006a7       0x33 uCOS-III\Source\os_task.o
 .ARM.attributes
                0x000006da       0x33 uCOS-III\Source\os_tick.o
 .ARM.attributes
                0x0000070d       0x33 uCOS-III\Source\os_time.o
 .ARM.attributes
                0x00000740       0x33 uCOS-III\Source\os_tmr.o
 .ARM.attributes
                0x00000773       0x33 uCOS-III\Source\os_var.o
 .ARM.attributes
                0x000007a6       0x2d d:/program files (x86)/truestudio for arm 8.0.0/armtools/bin/../lib/gcc/arm-atollic-eabi/6.3.1/../../../../arm-atollic-eabi/lib/armv7-m\libc_nano.a(lib_a-init.o)
 .ARM.attributes
                0x000007d3       0x2d d:/program files (x86)/truestudio for arm 8.0.0/armtools/bin/../lib/gcc/arm-atollic-eabi/6.3.1/../../../../arm-atollic-eabi/lib/armv7-m\libc_nano.a(lib_a-memset.o)
 .ARM.attributes
                0x00000800       0x2d d:/program files (x86)/truestudio for arm 8.0.0/armtools/bin/../lib/gcc/arm-atollic-eabi/6.3.1/../../../../arm-atollic-eabi/lib/armv7-m\libc_nano.a(lib_a-sscanf.o)
 .ARM.attributes
                0x0000082d       0x2d d:/program files (x86)/truestudio for arm 8.0.0/armtools/bin/../lib/gcc/arm-atollic-eabi/6.3.1/../../../../arm-atollic-eabi/lib/armv7-m\libc_nano.a(lib_a-stdio.o)
 .ARM.attributes
                0x0000085a       0x17 d:/program files (x86)/truestudio for arm 8.0.0/armtools/bin/../lib/gcc/arm-atollic-eabi/6.3.1/../../../../arm-atollic-eabi/lib/armv7-m\libc_nano.a(lib_a-strlen.o)
 .ARM.attributes